2026-02-03T11:46:30.285+05:30  INFO 8064 --- [ecom-proj] [main] c.m.ecomproj.EcomProjApplicationTests    : Starting EcomProjApplicationTests using Java 21.0.9 with PID 8064 (started by Malcolm in D:\Malcolm\DSCE\Internship\SENSEI\ecom-proj)
2026-02-03T11:46:30.290+05:30  INFO 8064 --- [ecom-proj] [main] c.m.ecomproj.EcomProjApplicationTests    : No active profile set, falling back to 1 default profile: "default"
2026-02-03T11:46:32.568+05:30  INFO 8064 --- [ecom-proj] [main] .s.d.r.c.RepositoryConfigurationDelegate : Bootstrapping Spring Data JPA repositories in DEFAULT mode.
2026-02-03T11:46:33.046+05:30  INFO 8064 --- [ecom-proj] [main] .s.d.r.c.RepositoryConfigurationDelegate : Finished Spring Data repository scanning in 463 ms. Found 1 JPA repository interface.
2026-02-03T11:46:34.224+05:30  INFO 8064 --- [ecom-proj] [main] o.hibernate.jpa.internal.util.LogHelper  : HHH000204: Processing PersistenceUnitInfo [name: default]
2026-02-03T11:46:34.504+05:30  INFO 8064 --- [ecom-proj] [main] org.hibernate.Version                    : HHH000412: Hibernate ORM core version 6.5.2.Final
2026-02-03T11:46:34.652+05:30  INFO 8064 --- [ecom-proj] [main] o.h.c.internal.RegionFactoryInitiator    : HHH000026: Second-level cache disabled
2026-02-03T11:46:35.599+05:30  INFO 8064 --- [ecom-proj] [main] o.s.o.j.p.SpringPersistenceUnitInfo      : No LoadTimeWeaver setup: ignoring JPA class transformer
2026-02-03T11:46:35.662+05:30  INFO 8064 --- [ecom-proj] [main] com.zaxxer.hikari.HikariDataSource       : HikariPool-1 - Starting...
2026-02-03T11:46:36.237+05:30  INFO 8064 --- [ecom-proj] [main] com.zaxxer.hikari.pool.HikariPool        : HikariPool-1 - Added connection com.mysql.cj.jdbc.ConnectionImpl@73b0ed03
2026-02-03T11:46:36.256+05:30  INFO 8064 --- [ecom-proj] [main] com.zaxxer.hikari.HikariDataSource       : HikariPool-1 - Start completed.
2026-02-03T11:46:36.426+05:30  WARN 8064 --- [ecom-proj] [main] org.hibernate.orm.deprecation            : HHH90000025: MySQL8Dialect does not need to be specified explicitly using 'hibernate.dialect' (remove the property setting and it will be selected by default)
2026-02-03T11:46:36.429+05:30  WARN 8064 --- [ecom-proj] [main] org.hibernate.orm.deprecation            : HHH90000026: MySQL8Dialect has been deprecated; use org.hibernate.dialect.MySQLDialect instead
2026-02-03T11:46:38.590+05:30  INFO 8064 --- [ecom-proj] [main] o.h.e.t.j.p.i.JtaPlatformInitiator       : HHH000489: No JTA platform available (set 'hibernate.transaction.jta.platform' to enable JTA platform integration)
2026-02-03T11:46:38.873+05:30  INFO 8064 --- [ecom-proj] [main] j.LocalContainerEntityManagerFactoryBean : Initialized JPA EntityManagerFactory for persistence unit 'default'
2026-02-03T11:46:40.587+05:30  INFO 8064 --- [ecom-proj] [main] o.s.d.j.r.query.QueryEnhancerFactory     : Hibernate is in classpath; If applicable, HQL parser will be used.
2026-02-03T11:46:44.574+05:30  INFO 8064 --- [ecom-proj] [main] o.s.a.m.s.a.McpServerAutoConfiguration   : Registered tools: 3, notification: true
2026-02-03T11:46:45.178+05:30  INFO 8064 --- [ecom-proj] [main] c.m.ecomproj.EcomProjApplicationTests    : Started EcomProjApplicationTests in 16.386 seconds (process running for 19.889)
2026-02-03T11:46:46.805+05:30  INFO 8064 --- [ecom-proj] [main] com.malcolm.ecomproj.DataSeeder          : Loaded images for 61 products
2026-02-03T11:46:47.992+05:30  INFO 8064 --- [ecom-proj] [SpringApplicationShutdownHook] j.LocalContainerEntityManagerFactoryBean : Closing JPA EntityManagerFactory for persistence unit 'default'
2026-02-03T11:46:47.999+05:30  INFO 8064 --- [ecom-proj] [SpringApplicationShutdownHook] com.zaxxer.hikari.HikariDataSource       : HikariPool-1 - Shutdown initiated...
2026-02-03T11:46:48.034+05:30  INFO 8064 --- [ecom-proj] [SpringApplicationShutdownHook] com.zaxxer.hikari.HikariDataSource       : HikariPool-1 - Shutdown completed.
2026-02-03T11:49:38.264+05:30  INFO 19236 --- [ecom-proj] [main] c.malcolm.ecomproj.EcomProjApplication   : Starting EcomProjApplication v0.0.1-SNAPSHOT using Java 21.0.9 with PID 19236 (D:\Malcolm\DSCE\Internship\SENSEI\ecom-proj\target\ecom-proj-0.0.1-SNAPSHOT.jar started by Malcolm in D:\Malcolm\DSCE\Internship\SENSEI\ecom-proj)
2026-02-03T11:49:38.268+05:30  INFO 19236 --- [ecom-proj] [main] c.malcolm.ecomproj.EcomProjApplication   : No active profile set, falling back to 1 default profile: "default"
2026-02-03T11:49:39.910+05:30  INFO 19236 --- [ecom-proj] [main] .s.d.r.c.RepositoryConfigurationDelegate : Bootstrapping Spring Data JPA repositories in DEFAULT mode.
2026-02-03T11:49:40.193+05:30  INFO 19236 --- [ecom-proj] [main] .s.d.r.c.RepositoryConfigurationDelegate : Finished Spring Data repository scanning in 266 ms. Found 1 JPA repository interface.
2026-02-03T11:49:40.810+05:30  INFO 19236 --- [ecom-proj] [main] o.hibernate.jpa.internal.util.LogHelper  : HHH000204: Processing PersistenceUnitInfo [name: default]
2026-02-03T11:49:40.959+05:30  INFO 19236 --- [ecom-proj] [main] org.hibernate.Version                    : HHH000412: Hibernate ORM core version 6.5.2.Final
2026-02-03T11:49:41.019+05:30  INFO 19236 --- [ecom-proj] [main] o.h.c.internal.RegionFactoryInitiator    : HHH000026: Second-level cache disabled
2026-02-03T11:49:41.656+05:30  INFO 19236 --- [ecom-proj] [main] o.s.o.j.p.SpringPersistenceUnitInfo      : No LoadTimeWeaver setup: ignoring JPA class transformer
2026-02-03T11:49:41.716+05:30  INFO 19236 --- [ecom-proj] [main] com.zaxxer.hikari.HikariDataSource       : HikariPool-1 - Starting...
2026-02-03T11:49:42.152+05:30  INFO 19236 --- [ecom-proj] [main] com.zaxxer.hikari.pool.HikariPool        : HikariPool-1 - Added connection com.mysql.cj.jdbc.ConnectionImpl@6537ac
2026-02-03T11:49:42.156+05:30  INFO 19236 --- [ecom-proj] [main] com.zaxxer.hikari.HikariDataSource       : HikariPool-1 - Start completed.
2026-02-03T11:49:42.235+05:30  WARN 19236 --- [ecom-proj] [main] org.hibernate.orm.deprecation            : HHH90000025: MySQL8Dialect does not need to be specified explicitly using 'hibernate.dialect' (remove the property setting and it will be selected by default)
2026-02-03T11:49:42.238+05:30  WARN 19236 --- [ecom-proj] [main] org.hibernate.orm.deprecation            : HHH90000026: MySQL8Dialect has been deprecated; use org.hibernate.dialect.MySQLDialect instead
2026-02-03T11:49:43.514+05:30  INFO 19236 --- [ecom-proj] [main] o.h.e.t.j.p.i.JtaPlatformInitiator       : HHH000489: No JTA platform available (set 'hibernate.transaction.jta.platform' to enable JTA platform integration)
2026-02-03T11:49:43.609+05:30  INFO 19236 --- [ecom-proj] [main] j.LocalContainerEntityManagerFactoryBean : Initialized JPA EntityManagerFactory for persistence unit 'default'
2026-02-03T11:49:44.109+05:30  INFO 19236 --- [ecom-proj] [main] o.s.d.j.r.query.QueryEnhancerFactory     : Hibernate is in classpath; If applicable, HQL parser will be used.
2026-02-03T11:49:45.299+05:30  INFO 19236 --- [ecom-proj] [main] o.s.a.m.s.a.McpServerAutoConfiguration   : Registered tools: 3, notification: true
2026-02-03T11:49:45.716+05:30  INFO 19236 --- [ecom-proj] [main] c.malcolm.ecomproj.EcomProjApplication   : Started EcomProjApplication in 8.573 seconds (process running for 9.631)
2026-02-03T11:49:46.620+05:30  INFO 19236 --- [ecom-proj] [main] com.malcolm.ecomproj.DataSeeder          : Loaded images for 61 products
2026-02-03T11:50:03.587+05:30  INFO 19236 --- [ecom-proj] [SpringApplicationShutdownHook] j.LocalContainerEntityManagerFactoryBean : Closing JPA EntityManagerFactory for persistence unit 'default'
2026-02-03T11:50:03.606+05:30  INFO 19236 --- [ecom-proj] [SpringApplicationShutdownHook] com.zaxxer.hikari.HikariDataSource       : HikariPool-1 - Shutdown initiated...
2026-02-03T11:50:03.643+05:30  INFO 19236 --- [ecom-proj] [SpringApplicationShutdownHook] com.zaxxer.hikari.HikariDataSource       : HikariPool-1 - Shutdown completed.
2026-02-03T11:53:38.791+05:30  INFO 18464 --- [ecom-proj] [restartedMain] c.malcolm.ecomproj.EcomProjApplication   : Starting EcomProjApplication using Java 21.0.9 with PID 18464 (D:\Malcolm\DSCE\Internship\SENSEI\ecom-proj\target\classes started by Malcolm in D:\Malcolm\DSCE\Internship\SENSEI\ecom-proj)
2026-02-03T11:53:38.833+05:30  INFO 18464 --- [ecom-proj] [restartedMain] c.malcolm.ecomproj.EcomProjApplication   : No active profile set, falling back to 1 default profile: "default"
2026-02-03T11:53:38.921+05:30  INFO 18464 --- [ecom-proj] [restartedMain] .e.DevToolsPropertyDefaultsPostProcessor : Devtools property defaults active! Set 'spring.devtools.add-properties' to 'false' to disable
2026-02-03T11:53:38.922+05:30  INFO 18464 --- [ecom-proj] [restartedMain] .e.DevToolsPropertyDefaultsPostProcessor : For additional web related logging consider setting the 'logging.level.web' property to 'DEBUG'
2026-02-03T11:53:40.483+05:30  INFO 18464 --- [ecom-proj] [restartedMain] .s.d.r.c.RepositoryConfigurationDelegate : Bootstrapping Spring Data JPA repositories in DEFAULT mode.
2026-02-03T11:53:40.786+05:30  INFO 18464 --- [ecom-proj] [restartedMain] .s.d.r.c.RepositoryConfigurationDelegate : Finished Spring Data repository scanning in 290 ms. Found 1 JPA repository interface.
2026-02-03T11:53:41.624+05:30  INFO 18464 --- [ecom-proj] [restartedMain] o.hibernate.jpa.internal.util.LogHelper  : HHH000204: Processing PersistenceUnitInfo [name: default]
2026-02-03T11:53:41.806+05:30  INFO 18464 --- [ecom-proj] [restartedMain] org.hibernate.Version                    : HHH000412: Hibernate ORM core version 6.5.2.Final
2026-02-03T11:53:41.890+05:30  INFO 18464 --- [ecom-proj] [restartedMain] o.h.c.internal.RegionFactoryInitiator    : HHH000026: Second-level cache disabled
2026-02-03T11:53:42.732+05:30  INFO 18464 --- [ecom-proj] [restartedMain] o.s.o.j.p.SpringPersistenceUnitInfo      : No LoadTimeWeaver setup: ignoring JPA class transformer
2026-02-03T11:53:42.785+05:30  INFO 18464 --- [ecom-proj] [restartedMain] com.zaxxer.hikari.HikariDataSource       : HikariPool-1 - Starting...
2026-02-03T11:53:43.145+05:30  INFO 18464 --- [ecom-proj] [restartedMain] com.zaxxer.hikari.pool.HikariPool        : HikariPool-1 - Added connection com.mysql.cj.jdbc.ConnectionImpl@8d6316d
2026-02-03T11:53:43.147+05:30  INFO 18464 --- [ecom-proj] [restartedMain] com.zaxxer.hikari.HikariDataSource       : HikariPool-1 - Start completed.
2026-02-03T11:53:43.231+05:30  WARN 18464 --- [ecom-proj] [restartedMain] org.hibernate.orm.deprecation            : HHH90000025: MySQL8Dialect does not need to be specified explicitly using 'hibernate.dialect' (remove the property setting and it will be selected by default)
2026-02-03T11:53:43.233+05:30  WARN 18464 --- [ecom-proj] [restartedMain] org.hibernate.orm.deprecation            : HHH90000026: MySQL8Dialect has been deprecated; use org.hibernate.dialect.MySQLDialect instead
2026-02-03T11:53:44.905+05:30  INFO 18464 --- [ecom-proj] [restartedMain] o.h.e.t.j.p.i.JtaPlatformInitiator       : HHH000489: No JTA platform available (set 'hibernate.transaction.jta.platform' to enable JTA platform integration)
2026-02-03T11:53:45.040+05:30  INFO 18464 --- [ecom-proj] [restartedMain] j.LocalContainerEntityManagerFactoryBean : Initialized JPA EntityManagerFactory for persistence unit 'default'
2026-02-03T11:53:45.688+05:30  INFO 18464 --- [ecom-proj] [restartedMain] o.s.d.j.r.query.QueryEnhancerFactory     : Hibernate is in classpath; If applicable, HQL parser will be used.
2026-02-03T11:53:46.747+05:30  INFO 18464 --- [ecom-proj] [restartedMain] o.s.a.m.s.a.McpServerAutoConfiguration   : Registered tools: 3, notification: true
2026-02-03T11:53:47.122+05:30  INFO 18464 --- [ecom-proj] [restartedMain] o.s.b.d.a.OptionalLiveReloadServer       : LiveReload server is running on port 35729
2026-02-03T11:53:47.177+05:30  INFO 18464 --- [ecom-proj] [restartedMain] c.malcolm.ecomproj.EcomProjApplication   : Started EcomProjApplication in 9.9 seconds (process running for 10.677)
2026-02-03T11:53:47.750+05:30  INFO 18464 --- [ecom-proj] [restartedMain] com.malcolm.ecomproj.DataSeeder          : Loaded images for 61 products
2026-02-03T11:53:59.552+05:30  INFO 18296 --- [ecom-proj] [restartedMain] c.malcolm.ecomproj.EcomProjApplication   : Starting EcomProjApplication using Java 21.0.9 with PID 18296 (D:\Malcolm\DSCE\Internship\SENSEI\ecom-proj\target\classes started by Malcolm in D:\Malcolm\DSCE\Internship\SENSEI\ecom-proj)
2026-02-03T11:53:59.555+05:30  INFO 18296 --- [ecom-proj] [restartedMain] c.malcolm.ecomproj.EcomProjApplication   : No active profile set, falling back to 1 default profile: "default"
2026-02-03T11:53:59.620+05:30  INFO 18296 --- [ecom-proj] [restartedMain] .e.DevToolsPropertyDefaultsPostProcessor : Devtools property defaults active! Set 'spring.devtools.add-properties' to 'false' to disable
2026-02-03T11:53:59.620+05:30  INFO 18296 --- [ecom-proj] [restartedMain] .e.DevToolsPropertyDefaultsPostProcessor : For additional web related logging consider setting the 'logging.level.web' property to 'DEBUG'
2026-02-03T11:54:00.861+05:30  INFO 18296 --- [ecom-proj] [restartedMain] .s.d.r.c.RepositoryConfigurationDelegate : Bootstrapping Spring Data JPA repositories in DEFAULT mode.
2026-02-03T11:54:01.052+05:30  INFO 18296 --- [ecom-proj] [restartedMain] .s.d.r.c.RepositoryConfigurationDelegate : Finished Spring Data repository scanning in 180 ms. Found 1 JPA repository interface.
2026-02-03T11:54:01.723+05:30  INFO 18296 --- [ecom-proj] [restartedMain] o.hibernate.jpa.internal.util.LogHelper  : HHH000204: Processing PersistenceUnitInfo [name: default]
2026-02-03T11:54:01.811+05:30  INFO 18296 --- [ecom-proj] [restartedMain] org.hibernate.Version                    : HHH000412: Hibernate ORM core version 6.5.2.Final
2026-02-03T11:54:01.854+05:30  INFO 18296 --- [ecom-proj] [restartedMain] o.h.c.internal.RegionFactoryInitiator    : HHH000026: Second-level cache disabled
2026-02-03T11:54:02.287+05:30  INFO 18296 --- [ecom-proj] [restartedMain] o.s.o.j.p.SpringPersistenceUnitInfo      : No LoadTimeWeaver setup: ignoring JPA class transformer
2026-02-03T11:54:02.384+05:30  INFO 18296 --- [ecom-proj] [restartedMain] com.zaxxer.hikari.HikariDataSource       : HikariPool-1 - Starting...
2026-02-03T11:54:02.990+05:30  INFO 18296 --- [ecom-proj] [restartedMain] com.zaxxer.hikari.pool.HikariPool        : HikariPool-1 - Added connection com.mysql.cj.jdbc.ConnectionImpl@6d655aea
2026-02-03T11:54:02.994+05:30  INFO 18296 --- [ecom-proj] [restartedMain] com.zaxxer.hikari.HikariDataSource       : HikariPool-1 - Start completed.
2026-02-03T11:54:03.123+05:30  WARN 18296 --- [ecom-proj] [restartedMain] org.hibernate.orm.deprecation            : HHH90000025: MySQL8Dialect does not need to be specified explicitly using 'hibernate.dialect' (remove the property setting and it will be selected by default)
2026-02-03T11:54:03.126+05:30  WARN 18296 --- [ecom-proj] [restartedMain] org.hibernate.orm.deprecation            : HHH90000026: MySQL8Dialect has been deprecated; use org.hibernate.dialect.MySQLDialect instead
2026-02-03T11:54:05.118+05:30  INFO 18296 --- [ecom-proj] [restartedMain] o.h.e.t.j.p.i.JtaPlatformInitiator       : HHH000489: No JTA platform available (set 'hibernate.transaction.jta.platform' to enable JTA platform integration)
2026-02-03T11:54:05.225+05:30  INFO 18296 --- [ecom-proj] [restartedMain] j.LocalContainerEntityManagerFactoryBean : Initialized JPA EntityManagerFactory for persistence unit 'default'
2026-02-03T11:54:05.699+05:30  INFO 18296 --- [ecom-proj] [restartedMain] o.s.d.j.r.query.QueryEnhancerFactory     : Hibernate is in classpath; If applicable, HQL parser will be used.
2026-02-03T11:54:06.818+05:30  INFO 18296 --- [ecom-proj] [restartedMain] o.s.a.m.s.a.McpServerAutoConfiguration   : Registered tools: 3, notification: true
2026-02-03T11:54:07.154+05:30  INFO 18296 --- [ecom-proj] [restartedMain] o.s.b.d.a.OptionalLiveReloadServer       : LiveReload server is running on port 35729
2026-02-03T11:54:07.190+05:30  INFO 18296 --- [ecom-proj] [restartedMain] c.malcolm.ecomproj.EcomProjApplication   : Started EcomProjApplication in 8.385 seconds (process running for 9.084)
2026-02-03T11:54:07.804+05:30  INFO 18296 --- [ecom-proj] [restartedMain] com.malcolm.ecomproj.DataSeeder          : Loaded images for 61 products
2026-02-03T11:54:48.657+05:30  INFO 8096 --- [ecom-proj] [main] c.malcolm.ecomproj.EcomProjApplication   : Starting EcomProjApplication v0.0.1-SNAPSHOT using Java 21.0.9 with PID 8096 (D:\Malcolm\DSCE\Internship\SENSEI\ecom-proj\target\ecom-proj-0.0.1-SNAPSHOT.jar started by Malcolm in D:\Malcolm\DSCE\Internship\SENSEI\ecom-proj)
2026-02-03T11:54:48.968+05:30  INFO 8096 --- [ecom-proj] [main] c.malcolm.ecomproj.EcomProjApplication   : No active profile set, falling back to 1 default profile: "default"
2026-02-03T11:54:50.392+05:30  INFO 8096 --- [ecom-proj] [main] .s.d.r.c.RepositoryConfigurationDelegate : Bootstrapping Spring Data JPA repositories in DEFAULT mode.
2026-02-03T11:54:50.656+05:30  INFO 8096 --- [ecom-proj] [main] .s.d.r.c.RepositoryConfigurationDelegate : Finished Spring Data repository scanning in 251 ms. Found 1 JPA repository interface.
2026-02-03T11:54:51.834+05:30  INFO 8096 --- [ecom-proj] [main] o.hibernate.jpa.internal.util.LogHelper  : HHH000204: Processing PersistenceUnitInfo [name: default]
2026-02-03T11:54:51.994+05:30  INFO 8096 --- [ecom-proj] [main] org.hibernate.Version                    : HHH000412: Hibernate ORM core version 6.5.2.Final
2026-02-03T11:54:52.052+05:30  INFO 8096 --- [ecom-proj] [main] o.h.c.internal.RegionFactoryInitiator    : HHH000026: Second-level cache disabled
2026-02-03T11:54:53.545+05:30  INFO 8096 --- [ecom-proj] [main] o.s.o.j.p.SpringPersistenceUnitInfo      : No LoadTimeWeaver setup: ignoring JPA class transformer
2026-02-03T11:54:53.649+05:30  INFO 8096 --- [ecom-proj] [main] com.zaxxer.hikari.HikariDataSource       : HikariPool-1 - Starting...
2026-02-03T11:54:54.219+05:30  INFO 8096 --- [ecom-proj] [main] com.zaxxer.hikari.pool.HikariPool        : HikariPool-1 - Added connection com.mysql.cj.jdbc.ConnectionImpl@5618fc1f
2026-02-03T11:54:54.222+05:30  INFO 8096 --- [ecom-proj] [main] com.zaxxer.hikari.HikariDataSource       : HikariPool-1 - Start completed.
2026-02-03T11:54:54.385+05:30  WARN 8096 --- [ecom-proj] [main] org.hibernate.orm.deprecation            : HHH90000025: MySQL8Dialect does not need to be specified explicitly using 'hibernate.dialect' (remove the property setting and it will be selected by default)
2026-02-03T11:54:54.389+05:30  WARN 8096 --- [ecom-proj] [main] org.hibernate.orm.deprecation            : HHH90000026: MySQL8Dialect has been deprecated; use org.hibernate.dialect.MySQLDialect instead
2026-02-03T11:54:56.390+05:30  INFO 8096 --- [ecom-proj] [main] o.h.e.t.j.p.i.JtaPlatformInitiator       : HHH000489: No JTA platform available (set 'hibernate.transaction.jta.platform' to enable JTA platform integration)
2026-02-03T11:54:56.499+05:30  INFO 8096 --- [ecom-proj] [main] j.LocalContainerEntityManagerFactoryBean : Initialized JPA EntityManagerFactory for persistence unit 'default'
2026-02-03T11:54:56.999+05:30  INFO 8096 --- [ecom-proj] [main] o.s.d.j.r.query.QueryEnhancerFactory     : Hibernate is in classpath; If applicable, HQL parser will be used.
2026-02-03T11:54:58.489+05:30  INFO 8096 --- [ecom-proj] [main] o.s.a.m.s.a.McpServerAutoConfiguration   : Registered tools: 3, notification: true
2026-02-03T11:54:58.978+05:30  INFO 8096 --- [ecom-proj] [main] c.malcolm.ecomproj.EcomProjApplication   : Started EcomProjApplication in 11.632 seconds (process running for 12.52)
2026-02-03T11:54:59.455+05:30  INFO 8096 --- [ecom-proj] [main] com.malcolm.ecomproj.DataSeeder          : Loaded images for 61 products
2026-02-03T11:55:38.610+05:30  INFO 8096 --- [ecom-proj] [SpringApplicationShutdownHook] j.LocalContainerEntityManagerFactoryBean : Closing JPA EntityManagerFactory for persistence unit 'default'
2026-02-03T11:55:38.652+05:30  INFO 8096 --- [ecom-proj] [SpringApplicationShutdownHook] com.zaxxer.hikari.HikariDataSource       : HikariPool-1 - Shutdown initiated...
2026-02-03T11:55:38.964+05:30  INFO 8096 --- [ecom-proj] [SpringApplicationShutdownHook] com.zaxxer.hikari.HikariDataSource       : HikariPool-1 - Shutdown completed.
2026-02-03T11:58:14.300+05:30  INFO 18296 --- [ecom-proj] [File Watcher] rtingClassPathChangeChangedEventListener : Restarting due to 1 class path change (0 additions, 0 deletions, 1 modification)
2026-02-03T11:58:14.509+05:30  INFO 18296 --- [ecom-proj] [Thread-5] j.LocalContainerEntityManagerFactoryBean : Closing JPA EntityManagerFactory for persistence unit 'default'
2026-02-03T11:58:14.586+05:30  INFO 18296 --- [ecom-proj] [Thread-5] com.zaxxer.hikari.HikariDataSource       : HikariPool-1 - Shutdown initiated...
2026-02-03T11:58:14.703+05:30  INFO 18296 --- [ecom-proj] [Thread-5] com.zaxxer.hikari.HikariDataSource       : HikariPool-1 - Shutdown completed.
2026-02-03T11:58:15.180+05:30  INFO 18296 --- [ecom-proj] [restartedMain] c.malcolm.ecomproj.EcomProjApplication   : Starting EcomProjApplication using Java 21.0.9 with PID 18296 (D:\Malcolm\DSCE\Internship\SENSEI\ecom-proj\target\classes started by Malcolm in D:\Malcolm\DSCE\Internship\SENSEI\ecom-proj)
2026-02-03T11:58:15.182+05:30  INFO 18296 --- [ecom-proj] [restartedMain] c.malcolm.ecomproj.EcomProjApplication   : No active profile set, falling back to 1 default profile: "default"
2026-02-03T11:58:16.451+05:30  INFO 18296 --- [ecom-proj] [restartedMain] .s.d.r.c.RepositoryConfigurationDelegate : Bootstrapping Spring Data JPA repositories in DEFAULT mode.
2026-02-03T11:58:16.475+05:30  INFO 18296 --- [ecom-proj] [restartedMain] .s.d.r.c.RepositoryConfigurationDelegate : Finished Spring Data repository scanning in 22 ms. Found 1 JPA repository interface.
2026-02-03T11:58:17.351+05:30  INFO 18296 --- [ecom-proj] [restartedMain] o.s.b.w.embedded.tomcat.TomcatWebServer  : Tomcat initialized with port 8080 (http)
2026-02-03T11:58:17.384+05:30  INFO 18296 --- [ecom-proj] [restartedMain] o.apache.catalina.core.StandardService   : Starting service [Tomcat]
2026-02-03T11:58:17.385+05:30  INFO 18296 --- [ecom-proj] [restartedMain] o.apache.catalina.core.StandardEngine    : Starting Servlet engine: [Apache Tomcat/10.1.26]
2026-02-03T11:58:17.495+05:30  INFO 18296 --- [ecom-proj] [restartedMain] o.a.c.c.C.[Tomcat].[localhost].[/]       : Initializing Spring embedded WebApplicationContext
2026-02-03T11:58:17.495+05:30  INFO 18296 --- [ecom-proj] [restartedMain] w.s.c.ServletWebServerApplicationContext : Root WebApplicationContext: initialization completed in 2297 ms
2026-02-03T11:58:17.633+05:30  INFO 18296 --- [ecom-proj] [restartedMain] o.hibernate.jpa.internal.util.LogHelper  : HHH000204: Processing PersistenceUnitInfo [name: default]
2026-02-03T11:58:17.638+05:30  INFO 18296 --- [ecom-proj] [restartedMain] o.h.c.internal.RegionFactoryInitiator    : HHH000026: Second-level cache disabled
2026-02-03T11:58:17.655+05:30  INFO 18296 --- [ecom-proj] [restartedMain] o.s.o.j.p.SpringPersistenceUnitInfo      : No LoadTimeWeaver setup: ignoring JPA class transformer
2026-02-03T11:58:17.658+05:30  INFO 18296 --- [ecom-proj] [restartedMain] com.zaxxer.hikari.HikariDataSource       : HikariPool-2 - Starting...
2026-02-03T11:58:17.716+05:30  INFO 18296 --- [ecom-proj] [restartedMain] com.zaxxer.hikari.pool.HikariPool        : HikariPool-2 - Added connection com.mysql.cj.jdbc.ConnectionImpl@484fc044
2026-02-03T11:58:17.716+05:30  INFO 18296 --- [ecom-proj] [restartedMain] com.zaxxer.hikari.HikariDataSource       : HikariPool-2 - Start completed.
2026-02-03T11:58:17.717+05:30  WARN 18296 --- [ecom-proj] [restartedMain] org.hibernate.orm.deprecation            : HHH90000025: MySQL8Dialect does not need to be specified explicitly using 'hibernate.dialect' (remove the property setting and it will be selected by default)
2026-02-03T11:58:17.717+05:30  WARN 18296 --- [ecom-proj] [restartedMain] org.hibernate.orm.deprecation            : HHH90000026: MySQL8Dialect has been deprecated; use org.hibernate.dialect.MySQLDialect instead
2026-02-03T11:58:17.872+05:30  INFO 18296 --- [ecom-proj] [restartedMain] o.h.e.t.j.p.i.JtaPlatformInitiator       : HHH000489: No JTA platform available (set 'hibernate.transaction.jta.platform' to enable JTA platform integration)
2026-02-03T11:58:18.035+05:30  INFO 18296 --- [ecom-proj] [restartedMain] j.LocalContainerEntityManagerFactoryBean : Initialized JPA EntityManagerFactory for persistence unit 'default'
2026-02-03T11:58:19.177+05:30  INFO 18296 --- [ecom-proj] [restartedMain] o.s.a.m.s.a.McpServerAutoConfiguration   : Registered tools: 3, notification: true
2026-02-03T11:58:19.296+05:30  INFO 18296 --- [ecom-proj] [restartedMain] o.s.b.d.a.OptionalLiveReloadServer       : LiveReload server is running on port 35729
2026-02-03T11:58:19.397+05:30  INFO 18296 --- [ecom-proj] [restartedMain] o.s.b.w.embedded.tomcat.TomcatWebServer  : Tomcat started on port 8080 (http) with context path '/'
2026-02-03T11:58:19.409+05:30  INFO 18296 --- [ecom-proj] [restartedMain] c.malcolm.ecomproj.EcomProjApplication   : Started EcomProjApplication in 4.443 seconds (process running for 261.302)
2026-02-03T11:58:20.303+05:30  INFO 18296 --- [ecom-proj] [restartedMain] com.malcolm.ecomproj.DataSeeder          : Loaded images for 61 products
2026-02-03T11:59:42.330+05:30  INFO 2324 --- [restartedMain] c.malcolm.ecomproj.EcomProjApplication   : Starting EcomProjApplication using Java 21.0.9 with PID 2324 (D:\Malcolm\DSCE\Internship\SENSEI\ecom-proj\target\classes started by Malcolm in D:\Malcolm\DSCE\Internship\SENSEI\ecom-proj)
2026-02-03T11:59:42.332+05:30  INFO 2324 --- [restartedMain] c.malcolm.ecomproj.EcomProjApplication   : No active profile set, falling back to 1 default profile: "default"
2026-02-03T11:59:42.417+05:30  INFO 2324 --- [restartedMain] .e.DevToolsPropertyDefaultsPostProcessor : Devtools property defaults active! Set 'spring.devtools.add-properties' to 'false' to disable
2026-02-03T11:59:42.418+05:30  INFO 2324 --- [restartedMain] .e.DevToolsPropertyDefaultsPostProcessor : For additional web related logging consider setting the 'logging.level.web' property to 'DEBUG'
2026-02-03T11:59:44.068+05:30  INFO 2324 --- [restartedMain] .s.d.r.c.RepositoryConfigurationDelegate : Bootstrapping Spring Data JPA repositories in DEFAULT mode.
2026-02-03T11:59:44.252+05:30  INFO 2324 --- [restartedMain] .s.d.r.c.RepositoryConfigurationDelegate : Finished Spring Data repository scanning in 177 ms. Found 1 JPA repository interface.
2026-02-03T11:59:45.206+05:30  INFO 2324 --- [restartedMain] o.s.b.w.embedded.tomcat.TomcatWebServer  : Tomcat initialized with port 8080 (http)
2026-02-03T11:59:45.229+05:30  INFO 2324 --- [restartedMain] o.apache.catalina.core.StandardService   : Starting service [Tomcat]
2026-02-03T11:59:45.230+05:30  INFO 2324 --- [restartedMain] o.apache.catalina.core.StandardEngine    : Starting Servlet engine: [Apache Tomcat/10.1.26]
2026-02-03T11:59:45.336+05:30  INFO 2324 --- [restartedMain] o.a.c.c.C.[Tomcat].[localhost].[/]       : Initializing Spring embedded WebApplicationContext
2026-02-03T11:59:45.336+05:30  INFO 2324 --- [restartedMain] w.s.c.ServletWebServerApplicationContext : Root WebApplicationContext: initialization completed in 2918 ms
2026-02-03T11:59:45.599+05:30  INFO 2324 --- [restartedMain] o.hibernate.jpa.internal.util.LogHelper  : HHH000204: Processing PersistenceUnitInfo [name: default]
2026-02-03T11:59:45.716+05:30  INFO 2324 --- [restartedMain] org.hibernate.Version                    : HHH000412: Hibernate ORM core version 6.5.2.Final
2026-02-03T11:59:45.774+05:30  INFO 2324 --- [restartedMain] o.h.c.internal.RegionFactoryInitiator    : HHH000026: Second-level cache disabled
2026-02-03T11:59:46.341+05:30  INFO 2324 --- [restartedMain] o.s.o.j.p.SpringPersistenceUnitInfo      : No LoadTimeWeaver setup: ignoring JPA class transformer
2026-02-03T11:59:46.376+05:30  INFO 2324 --- [restartedMain] com.zaxxer.hikari.HikariDataSource       : HikariPool-1 - Starting...
2026-02-03T11:59:46.609+05:30  INFO 2324 --- [restartedMain] com.zaxxer.hikari.pool.HikariPool        : HikariPool-1 - Added connection com.mysql.cj.jdbc.ConnectionImpl@e6111ea
2026-02-03T11:59:46.611+05:30  INFO 2324 --- [restartedMain] com.zaxxer.hikari.HikariDataSource       : HikariPool-1 - Start completed.
2026-02-03T11:59:46.672+05:30  WARN 2324 --- [restartedMain] org.hibernate.orm.deprecation            : HHH90000025: MySQL8Dialect does not need to be specified explicitly using 'hibernate.dialect' (remove the property setting and it will be selected by default)
2026-02-03T11:59:46.675+05:30  WARN 2324 --- [restartedMain] org.hibernate.orm.deprecation            : HHH90000026: MySQL8Dialect has been deprecated; use org.hibernate.dialect.MySQLDialect instead
2026-02-03T11:59:47.748+05:30  INFO 2324 --- [restartedMain] o.h.e.t.j.p.i.JtaPlatformInitiator       : HHH000489: No JTA platform available (set 'hibernate.transaction.jta.platform' to enable JTA platform integration)
2026-02-03T11:59:47.841+05:30  INFO 2324 --- [restartedMain] j.LocalContainerEntityManagerFactoryBean : Initialized JPA EntityManagerFactory for persistence unit 'default'
2026-02-03T11:59:48.402+05:30  INFO 2324 --- [restartedMain] o.s.d.j.r.query.QueryEnhancerFactory     : Hibernate is in classpath; If applicable, HQL parser will be used.
2026-02-03T11:59:52.351+05:30  INFO 2324 --- [restartedMain] o.s.a.m.s.a.McpServerAutoConfiguration   : Registered tools: 3, notification: true
2026-02-03T11:59:52.775+05:30  INFO 2324 --- [restartedMain] o.s.b.d.a.OptionalLiveReloadServer       : LiveReload server is running on port 35729
2026-02-03T11:59:52.861+05:30  INFO 2324 --- [restartedMain] o.s.b.w.embedded.tomcat.TomcatWebServer  : Tomcat started on port 8080 (http) with context path '/'
2026-02-03T11:59:52.886+05:30  INFO 2324 --- [restartedMain] c.malcolm.ecomproj.EcomProjApplication   : Started EcomProjApplication in 11.337 seconds (process running for 12.089)
2026-02-03T11:59:53.299+05:30  INFO 2324 --- [http-nio-8080-exec-1] o.a.c.c.C.[Tomcat].[localhost].[/]       : Initializing Spring DispatcherServlet 'dispatcherServlet'
2026-02-03T11:59:53.299+05:30  INFO 2324 --- [http-nio-8080-exec-1] o.s.web.servlet.DispatcherServlet        : Initializing Servlet 'dispatcherServlet'
2026-02-03T11:59:53.302+05:30  INFO 2324 --- [http-nio-8080-exec-1] o.s.web.servlet.DispatcherServlet        : Completed initialization in 3 ms
2026-02-03T11:59:53.845+05:30  INFO 2324 --- [restartedMain] com.malcolm.ecomproj.DataSeeder          : Loaded images for 61 products
2026-02-03T12:00:08.615+05:30  INFO 2324 --- [SpringApplicationShutdownHook] j.LocalContainerEntityManagerFactoryBean : Closing JPA EntityManagerFactory for persistence unit 'default'
2026-02-03T12:00:08.622+05:30  INFO 2324 --- [SpringApplicationShutdownHook] com.zaxxer.hikari.HikariDataSource       : HikariPool-1 - Shutdown initiated...
2026-02-03T12:00:08.633+05:30  INFO 2324 --- [SpringApplicationShutdownHook] com.zaxxer.hikari.HikariDataSource       : HikariPool-1 - Shutdown completed.
2026-02-03T12:00:25.645+05:30  INFO 1976 --- [restartedMain] c.malcolm.ecomproj.EcomProjApplication   : Starting EcomProjApplication using Java 21.0.9 with PID 1976 (D:\Malcolm\DSCE\Internship\SENSEI\ecom-proj\target\classes started by Malcolm in D:\Malcolm\DSCE\Internship\SENSEI\ecom-proj)
2026-02-03T12:00:25.647+05:30  INFO 1976 --- [restartedMain] c.malcolm.ecomproj.EcomProjApplication   : No active profile set, falling back to 1 default profile: "default"
2026-02-03T12:00:25.695+05:30  INFO 1976 --- [restartedMain] .e.DevToolsPropertyDefaultsPostProcessor : Devtools property defaults active! Set 'spring.devtools.add-properties' to 'false' to disable
2026-02-03T12:00:25.695+05:30  INFO 1976 --- [restartedMain] .e.DevToolsPropertyDefaultsPostProcessor : For additional web related logging consider setting the 'logging.level.web' property to 'DEBUG'
2026-02-03T12:00:26.535+05:30  INFO 1976 --- [restartedMain] .s.d.r.c.RepositoryConfigurationDelegate : Bootstrapping Spring Data JPA repositories in DEFAULT mode.
2026-02-03T12:00:26.680+05:30  INFO 1976 --- [restartedMain] .s.d.r.c.RepositoryConfigurationDelegate : Finished Spring Data repository scanning in 136 ms. Found 1 JPA repository interface.
2026-02-03T12:00:27.334+05:30  INFO 1976 --- [restartedMain] o.s.b.w.embedded.tomcat.TomcatWebServer  : Tomcat initialized with port 8080 (http)
2026-02-03T12:00:27.350+05:30  INFO 1976 --- [restartedMain] o.apache.catalina.core.StandardService   : Starting service [Tomcat]
2026-02-03T12:00:27.350+05:30  INFO 1976 --- [restartedMain] o.apache.catalina.core.StandardEngine    : Starting Servlet engine: [Apache Tomcat/10.1.26]
2026-02-03T12:00:27.406+05:30  INFO 1976 --- [restartedMain] o.a.c.c.C.[Tomcat].[localhost].[/]       : Initializing Spring embedded WebApplicationContext
2026-02-03T12:00:27.406+05:30  INFO 1976 --- [restartedMain] w.s.c.ServletWebServerApplicationContext : Root WebApplicationContext: initialization completed in 1711 ms
2026-02-03T12:00:27.567+05:30  INFO 1976 --- [restartedMain] o.hibernate.jpa.internal.util.LogHelper  : HHH000204: Processing PersistenceUnitInfo [name: default]
2026-02-03T12:00:27.626+05:30  INFO 1976 --- [restartedMain] org.hibernate.Version                    : HHH000412: Hibernate ORM core version 6.5.2.Final
2026-02-03T12:00:27.662+05:30  INFO 1976 --- [restartedMain] o.h.c.internal.RegionFactoryInitiator    : HHH000026: Second-level cache disabled
2026-02-03T12:00:28.019+05:30  INFO 1976 --- [restartedMain] o.s.o.j.p.SpringPersistenceUnitInfo      : No LoadTimeWeaver setup: ignoring JPA class transformer
2026-02-03T12:00:28.053+05:30  INFO 1976 --- [restartedMain] com.zaxxer.hikari.HikariDataSource       : HikariPool-1 - Starting...
2026-02-03T12:00:28.285+05:30  INFO 1976 --- [restartedMain] com.zaxxer.hikari.pool.HikariPool        : HikariPool-1 - Added connection com.mysql.cj.jdbc.ConnectionImpl@1ffc03d
2026-02-03T12:00:28.287+05:30  INFO 1976 --- [restartedMain] com.zaxxer.hikari.HikariDataSource       : HikariPool-1 - Start completed.
2026-02-03T12:00:28.337+05:30  WARN 1976 --- [restartedMain] org.hibernate.orm.deprecation            : HHH90000025: MySQL8Dialect does not need to be specified explicitly using 'hibernate.dialect' (remove the property setting and it will be selected by default)
2026-02-03T12:00:28.339+05:30  WARN 1976 --- [restartedMain] org.hibernate.orm.deprecation            : HHH90000026: MySQL8Dialect has been deprecated; use org.hibernate.dialect.MySQLDialect instead
2026-02-03T12:00:29.465+05:30  INFO 1976 --- [restartedMain] o.h.e.t.j.p.i.JtaPlatformInitiator       : HHH000489: No JTA platform available (set 'hibernate.transaction.jta.platform' to enable JTA platform integration)
2026-02-03T12:00:29.560+05:30  INFO 1976 --- [restartedMain] j.LocalContainerEntityManagerFactoryBean : Initialized JPA EntityManagerFactory for persistence unit 'default'
2026-02-03T12:00:29.837+05:30  INFO 1976 --- [restartedMain] o.s.d.j.r.query.QueryEnhancerFactory     : Hibernate is in classpath; If applicable, HQL parser will be used.
2026-02-03T12:00:31.082+05:30  INFO 1976 --- [restartedMain] o.s.a.m.s.a.McpServerAutoConfiguration   : Registered tools: 3, notification: true
2026-02-03T12:00:31.228+05:30  INFO 1976 --- [restartedMain] o.s.b.d.a.OptionalLiveReloadServer       : LiveReload server is running on port 35729
2026-02-03T12:00:31.269+05:30  INFO 1976 --- [restartedMain] o.s.b.w.embedded.tomcat.TomcatWebServer  : Tomcat started on port 8080 (http) with context path '/'
2026-02-03T12:00:31.279+05:30  INFO 1976 --- [restartedMain] c.malcolm.ecomproj.EcomProjApplication   : Started EcomProjApplication in 6.236 seconds (process running for 6.732)
2026-02-03T12:00:31.329+05:30  INFO 1976 --- [SpringApplicationShutdownHook] j.LocalContainerEntityManagerFactoryBean : Closing JPA EntityManagerFactory for persistence unit 'default'
2026-02-03T12:00:31.332+05:30  INFO 1976 --- [SpringApplicationShutdownHook] com.zaxxer.hikari.HikariDataSource       : HikariPool-1 - Shutdown initiated...
2026-02-03T12:00:31.343+05:30  INFO 1976 --- [SpringApplicationShutdownHook] com.zaxxer.hikari.HikariDataSource       : HikariPool-1 - Shutdown completed.
2026-02-03T12:01:21.329+05:30  INFO 1968 --- [restartedMain] c.malcolm.ecomproj.EcomProjApplication   : Starting EcomProjApplication using Java 21.0.9 with PID 1968 (D:\Malcolm\DSCE\Internship\SENSEI\ecom-proj\target\classes started by Malcolm in D:\Malcolm\DSCE\Internship\SENSEI\ecom-proj)
2026-02-03T12:01:21.368+05:30  INFO 1968 --- [restartedMain] c.malcolm.ecomproj.EcomProjApplication   : No active profile set, falling back to 1 default profile: "default"
2026-02-03T12:01:21.426+05:30  INFO 1968 --- [restartedMain] .e.DevToolsPropertyDefaultsPostProcessor : Devtools property defaults active! Set 'spring.devtools.add-properties' to 'false' to disable
2026-02-03T12:01:21.426+05:30  INFO 1968 --- [restartedMain] .e.DevToolsPropertyDefaultsPostProcessor : For additional web related logging consider setting the 'logging.level.web' property to 'DEBUG'
2026-02-03T12:01:22.599+05:30  INFO 1968 --- [restartedMain] .s.d.r.c.RepositoryConfigurationDelegate : Bootstrapping Spring Data JPA repositories in DEFAULT mode.
2026-02-03T12:01:22.787+05:30  INFO 1968 --- [restartedMain] .s.d.r.c.RepositoryConfigurationDelegate : Finished Spring Data repository scanning in 181 ms. Found 1 JPA repository interface.
2026-02-03T12:01:24.645+05:30  INFO 1968 --- [restartedMain] o.s.b.w.embedded.tomcat.TomcatWebServer  : Tomcat initialized with port 8080 (http)
2026-02-03T12:01:24.669+05:30  INFO 1968 --- [restartedMain] o.apache.catalina.core.StandardService   : Starting service [Tomcat]
2026-02-03T12:01:24.669+05:30  INFO 1968 --- [restartedMain] o.apache.catalina.core.StandardEngine    : Starting Servlet engine: [Apache Tomcat/10.1.26]
2026-02-03T12:01:24.745+05:30  INFO 1968 --- [restartedMain] o.a.c.c.C.[Tomcat].[localhost].[/]       : Initializing Spring embedded WebApplicationContext
2026-02-03T12:01:24.745+05:30  INFO 1968 --- [restartedMain] w.s.c.ServletWebServerApplicationContext : Root WebApplicationContext: initialization completed in 3319 ms
2026-02-03T12:01:24.911+05:30  INFO 1968 --- [restartedMain] o.hibernate.jpa.internal.util.LogHelper  : HHH000204: Processing PersistenceUnitInfo [name: default]
2026-02-03T12:01:25.019+05:30  INFO 1968 --- [restartedMain] org.hibernate.Version                    : HHH000412: Hibernate ORM core version 6.5.2.Final
2026-02-03T12:01:25.065+05:30  INFO 1968 --- [restartedMain] o.h.c.internal.RegionFactoryInitiator    : HHH000026: Second-level cache disabled
2026-02-03T12:01:25.442+05:30  INFO 1968 --- [restartedMain] o.s.o.j.p.SpringPersistenceUnitInfo      : No LoadTimeWeaver setup: ignoring JPA class transformer
2026-02-03T12:01:25.503+05:30  INFO 1968 --- [restartedMain] com.zaxxer.hikari.HikariDataSource       : HikariPool-1 - Starting...
2026-02-03T12:01:25.879+05:30  INFO 1968 --- [restartedMain] com.zaxxer.hikari.pool.HikariPool        : HikariPool-1 - Added connection com.mysql.cj.jdbc.ConnectionImpl@67e2e1ba
2026-02-03T12:01:25.885+05:30  INFO 1968 --- [restartedMain] com.zaxxer.hikari.HikariDataSource       : HikariPool-1 - Start completed.
2026-02-03T12:01:26.029+05:30  WARN 1968 --- [restartedMain] org.hibernate.orm.deprecation            : HHH90000025: MySQL8Dialect does not need to be specified explicitly using 'hibernate.dialect' (remove the property setting and it will be selected by default)
2026-02-03T12:01:26.030+05:30  WARN 1968 --- [restartedMain] org.hibernate.orm.deprecation            : HHH90000026: MySQL8Dialect has been deprecated; use org.hibernate.dialect.MySQLDialect instead
2026-02-03T12:01:28.273+05:30  INFO 1968 --- [restartedMain] o.h.e.t.j.p.i.JtaPlatformInitiator       : HHH000489: No JTA platform available (set 'hibernate.transaction.jta.platform' to enable JTA platform integration)
2026-02-03T12:01:28.487+05:30  INFO 1968 --- [restartedMain] j.LocalContainerEntityManagerFactoryBean : Initialized JPA EntityManagerFactory for persistence unit 'default'
2026-02-03T12:01:29.069+05:30  INFO 1968 --- [restartedMain] o.s.d.j.r.query.QueryEnhancerFactory     : Hibernate is in classpath; If applicable, HQL parser will be used.
2026-02-03T12:01:31.258+05:30  INFO 1968 --- [restartedMain] o.s.a.m.s.a.McpServerAutoConfiguration   : Registered tools: 3, notification: true
2026-02-03T12:01:31.572+05:30  INFO 1968 --- [restartedMain] o.s.b.d.a.OptionalLiveReloadServer       : LiveReload server is running on port 35729
2026-02-03T12:01:31.626+05:30  INFO 1968 --- [restartedMain] o.s.b.w.embedded.tomcat.TomcatWebServer  : Tomcat started on port 8080 (http) with context path '/'
2026-02-03T12:01:31.643+05:30  INFO 1968 --- [restartedMain] c.malcolm.ecomproj.EcomProjApplication   : Started EcomProjApplication in 11.037 seconds (process running for 11.625)
2026-02-03T12:01:32.743+05:30  INFO 1968 --- [restartedMain] com.malcolm.ecomproj.DataSeeder          : Loaded images for 61 products
2026-02-03T12:01:38.249+05:30  INFO 1968 --- [http-nio-8080-exec-1] o.a.c.c.C.[Tomcat].[localhost].[/]       : Initializing Spring DispatcherServlet 'dispatcherServlet'
2026-02-03T12:01:38.249+05:30  INFO 1968 --- [http-nio-8080-exec-1] o.s.web.servlet.DispatcherServlet        : Initializing Servlet 'dispatcherServlet'
2026-02-03T12:01:38.252+05:30  INFO 1968 --- [http-nio-8080-exec-1] o.s.web.servlet.DispatcherServlet        : Completed initialization in 3 ms
2026-02-03T12:01:38.535+05:30  WARN 1968 --- [http-nio-8080-exec-1] PageModule$PlainPageSerializationWarning : Serializing PageImpl instances as-is is not supported, meaning that there is no guarantee about the stability of the resulting JSON structure!
	For a stable JSON structure, please use Spring Data's PagedModel (globally via @EnableSpringDataWebSupport(pageSerializationMode = VIA_DTO))
	or Spring HATEOAS and Spring Data's PagedResourcesAssembler as documented in https://docs.spring.io/spring-data/commons/reference/repositories/core-extensions.html#core.web.pageables.

2026-02-03T12:09:22.731+05:30  INFO 1968 --- [File Watcher] rtingClassPathChangeChangedEventListener : Restarting due to 1 class path change (0 additions, 0 deletions, 1 modification)
2026-02-03T12:09:22.797+05:30  INFO 1968 --- [Thread-5] j.LocalContainerEntityManagerFactoryBean : Closing JPA EntityManagerFactory for persistence unit 'default'
2026-02-03T12:09:22.810+05:30  INFO 1968 --- [Thread-5] com.zaxxer.hikari.HikariDataSource       : HikariPool-1 - Shutdown initiated...
2026-02-03T12:09:22.833+05:30  INFO 1968 --- [Thread-5] com.zaxxer.hikari.HikariDataSource       : HikariPool-1 - Shutdown completed.
2026-02-03T12:09:23.083+05:30  INFO 1968 --- [restartedMain] c.malcolm.ecomproj.EcomProjApplication   : Starting EcomProjApplication using Java 21.0.9 with PID 1968 (D:\Malcolm\DSCE\Internship\SENSEI\ecom-proj\target\classes started by Malcolm in D:\Malcolm\DSCE\Internship\SENSEI\ecom-proj)
2026-02-03T12:09:23.083+05:30  INFO 1968 --- [restartedMain] c.malcolm.ecomproj.EcomProjApplication   : No active profile set, falling back to 1 default profile: "default"
2026-02-03T12:09:23.682+05:30  INFO 1968 --- [restartedMain] .s.d.r.c.RepositoryConfigurationDelegate : Bootstrapping Spring Data JPA repositories in DEFAULT mode.
2026-02-03T12:09:23.697+05:30  INFO 1968 --- [restartedMain] .s.d.r.c.RepositoryConfigurationDelegate : Finished Spring Data repository scanning in 14 ms. Found 1 JPA repository interface.
2026-02-03T12:09:23.901+05:30  INFO 1968 --- [restartedMain] o.s.b.w.embedded.tomcat.TomcatWebServer  : Tomcat initialized with port 8080 (http)
2026-02-03T12:09:23.904+05:30  INFO 1968 --- [restartedMain] o.apache.catalina.core.StandardService   : Starting service [Tomcat]
2026-02-03T12:09:23.904+05:30  INFO 1968 --- [restartedMain] o.apache.catalina.core.StandardEngine    : Starting Servlet engine: [Apache Tomcat/10.1.26]
2026-02-03T12:09:23.947+05:30  INFO 1968 --- [restartedMain] o.a.c.c.C.[Tomcat].[localhost].[/]       : Initializing Spring embedded WebApplicationContext
2026-02-03T12:09:23.947+05:30  INFO 1968 --- [restartedMain] w.s.c.ServletWebServerApplicationContext : Root WebApplicationContext: initialization completed in 860 ms
2026-02-03T12:09:24.023+05:30  INFO 1968 --- [restartedMain] o.hibernate.jpa.internal.util.LogHelper  : HHH000204: Processing PersistenceUnitInfo [name: default]
2026-02-03T12:09:24.027+05:30  INFO 1968 --- [restartedMain] o.h.c.internal.RegionFactoryInitiator    : HHH000026: Second-level cache disabled
2026-02-03T12:09:24.047+05:30  INFO 1968 --- [restartedMain] o.s.o.j.p.SpringPersistenceUnitInfo      : No LoadTimeWeaver setup: ignoring JPA class transformer
2026-02-03T12:09:24.080+05:30  INFO 1968 --- [restartedMain] com.zaxxer.hikari.HikariDataSource       : HikariPool-2 - Starting...
2026-02-03T12:09:24.097+05:30  INFO 1968 --- [restartedMain] com.zaxxer.hikari.pool.HikariPool        : HikariPool-2 - Added connection com.mysql.cj.jdbc.ConnectionImpl@4f494afb
2026-02-03T12:09:24.098+05:30  INFO 1968 --- [restartedMain] com.zaxxer.hikari.HikariDataSource       : HikariPool-2 - Start completed.
2026-02-03T12:09:24.099+05:30  WARN 1968 --- [restartedMain] org.hibernate.orm.deprecation            : HHH90000025: MySQL8Dialect does not need to be specified explicitly using 'hibernate.dialect' (remove the property setting and it will be selected by default)
2026-02-03T12:09:24.100+05:30  WARN 1968 --- [restartedMain] org.hibernate.orm.deprecation            : HHH90000026: MySQL8Dialect has been deprecated; use org.hibernate.dialect.MySQLDialect instead
2026-02-03T12:09:24.206+05:30  INFO 1968 --- [restartedMain] o.h.e.t.j.p.i.JtaPlatformInitiator       : HHH000489: No JTA platform available (set 'hibernate.transaction.jta.platform' to enable JTA platform integration)
2026-02-03T12:09:24.257+05:30  INFO 1968 --- [restartedMain] j.LocalContainerEntityManagerFactoryBean : Initialized JPA EntityManagerFactory for persistence unit 'default'
2026-02-03T12:09:24.612+05:30  INFO 1968 --- [restartedMain] o.s.a.m.s.a.McpServerAutoConfiguration   : Registered tools: 3, notification: true
2026-02-03T12:09:24.658+05:30  INFO 1968 --- [restartedMain] o.s.b.d.a.OptionalLiveReloadServer       : LiveReload server is running on port 35729
2026-02-03T12:09:24.670+05:30  INFO 1968 --- [restartedMain] o.s.b.w.embedded.tomcat.TomcatWebServer  : Tomcat started on port 8080 (http) with context path '/'
2026-02-03T12:09:24.676+05:30  INFO 1968 --- [restartedMain] c.malcolm.ecomproj.EcomProjApplication   : Started EcomProjApplication in 1.707 seconds (process running for 484.659)
2026-02-03T12:09:25.069+05:30  INFO 1968 --- [restartedMain] com.malcolm.ecomproj.DataSeeder          : Loaded images for 61 products
2026-02-03T12:09:25.072+05:30  INFO 1968 --- [restartedMain] .ConditionEvaluationDeltaLoggingListener : Condition evaluation unchanged
2026-02-03T12:10:42.986+05:30  INFO 1968 --- [http-nio-8080-exec-1] o.a.c.c.C.[Tomcat].[localhost].[/]       : Initializing Spring DispatcherServlet 'dispatcherServlet'
2026-02-03T12:10:42.986+05:30  INFO 1968 --- [http-nio-8080-exec-1] o.s.web.servlet.DispatcherServlet        : Initializing Servlet 'dispatcherServlet'
2026-02-03T12:10:42.988+05:30  INFO 1968 --- [http-nio-8080-exec-1] o.s.web.servlet.DispatcherServlet        : Completed initialization in 2 ms
2026-02-03T12:10:43.066+05:30  WARN 1968 --- [http-nio-8080-exec-1] PageModule$PlainPageSerializationWarning : Serializing PageImpl instances as-is is not supported, meaning that there is no guarantee about the stability of the resulting JSON structure!
	For a stable JSON structure, please use Spring Data's PagedModel (globally via @EnableSpringDataWebSupport(pageSerializationMode = VIA_DTO))
	or Spring HATEOAS and Spring Data's PagedResourcesAssembler as documented in https://docs.spring.io/spring-data/commons/reference/repositories/core-extensions.html#core.web.pageables.

2026-02-03T12:12:41.674+05:30  INFO 1968 --- [SpringApplicationShutdownHook] j.LocalContainerEntityManagerFactoryBean : Closing JPA EntityManagerFactory for persistence unit 'default'
2026-02-03T12:12:41.675+05:30  INFO 1968 --- [SpringApplicationShutdownHook] com.zaxxer.hikari.HikariDataSource       : HikariPool-2 - Shutdown initiated...
2026-02-03T12:12:41.678+05:30  INFO 1968 --- [SpringApplicationShutdownHook] com.zaxxer.hikari.HikariDataSource       : HikariPool-2 - Shutdown completed.
2026-02-03T12:12:54.217+05:30  INFO 3048 --- [restartedMain] c.malcolm.ecomproj.EcomProjApplication   : Starting EcomProjApplication using Java 21.0.9 with PID 3048 (D:\Malcolm\DSCE\Internship\SENSEI\ecom-proj\target\classes started by Malcolm in D:\Malcolm\DSCE\Internship\SENSEI\ecom-proj)
2026-02-03T12:12:54.219+05:30  INFO 3048 --- [restartedMain] c.malcolm.ecomproj.EcomProjApplication   : No active profile set, falling back to 1 default profile: "default"
2026-02-03T12:12:54.302+05:30  INFO 3048 --- [restartedMain] .e.DevToolsPropertyDefaultsPostProcessor : Devtools property defaults active! Set 'spring.devtools.add-properties' to 'false' to disable
2026-02-03T12:12:54.302+05:30  INFO 3048 --- [restartedMain] .e.DevToolsPropertyDefaultsPostProcessor : For additional web related logging consider setting the 'logging.level.web' property to 'DEBUG'
2026-02-03T12:12:56.053+05:30  INFO 3048 --- [restartedMain] .s.d.r.c.RepositoryConfigurationDelegate : Bootstrapping Spring Data JPA repositories in DEFAULT mode.
2026-02-03T12:12:56.317+05:30  INFO 3048 --- [restartedMain] .s.d.r.c.RepositoryConfigurationDelegate : Finished Spring Data repository scanning in 247 ms. Found 1 JPA repository interface.
2026-02-03T12:12:57.929+05:30  INFO 3048 --- [restartedMain] o.s.b.w.embedded.tomcat.TomcatWebServer  : Tomcat initialized with port 8080 (http)
2026-02-03T12:12:57.975+05:30  INFO 3048 --- [restartedMain] o.apache.catalina.core.StandardService   : Starting service [Tomcat]
2026-02-03T12:12:57.975+05:30  INFO 3048 --- [restartedMain] o.apache.catalina.core.StandardEngine    : Starting Servlet engine: [Apache Tomcat/10.1.26]
2026-02-03T12:12:58.147+05:30  INFO 3048 --- [restartedMain] o.a.c.c.C.[Tomcat].[localhost].[/]       : Initializing Spring embedded WebApplicationContext
2026-02-03T12:12:58.149+05:30  INFO 3048 --- [restartedMain] w.s.c.ServletWebServerApplicationContext : Root WebApplicationContext: initialization completed in 3846 ms
2026-02-03T12:12:58.754+05:30  INFO 3048 --- [restartedMain] o.hibernate.jpa.internal.util.LogHelper  : HHH000204: Processing PersistenceUnitInfo [name: default]
2026-02-03T12:12:59.040+05:30  INFO 3048 --- [restartedMain] org.hibernate.Version                    : HHH000412: Hibernate ORM core version 6.5.2.Final
2026-02-03T12:12:59.140+05:30  INFO 3048 --- [restartedMain] o.h.c.internal.RegionFactoryInitiator    : HHH000026: Second-level cache disabled
2026-02-03T12:13:00.256+05:30  INFO 3048 --- [restartedMain] o.s.o.j.p.SpringPersistenceUnitInfo      : No LoadTimeWeaver setup: ignoring JPA class transformer
2026-02-03T12:13:00.339+05:30  INFO 3048 --- [restartedMain] com.zaxxer.hikari.HikariDataSource       : HikariPool-1 - Starting...
2026-02-03T12:13:00.930+05:30  INFO 3048 --- [restartedMain] com.zaxxer.hikari.pool.HikariPool        : HikariPool-1 - Added connection com.mysql.cj.jdbc.ConnectionImpl@390607c8
2026-02-03T12:13:00.933+05:30  INFO 3048 --- [restartedMain] com.zaxxer.hikari.HikariDataSource       : HikariPool-1 - Start completed.
2026-02-03T12:13:01.085+05:30  WARN 3048 --- [restartedMain] org.hibernate.orm.deprecation            : HHH90000025: MySQL8Dialect does not need to be specified explicitly using 'hibernate.dialect' (remove the property setting and it will be selected by default)
2026-02-03T12:13:01.088+05:30  WARN 3048 --- [restartedMain] org.hibernate.orm.deprecation            : HHH90000026: MySQL8Dialect has been deprecated; use org.hibernate.dialect.MySQLDialect instead
2026-02-03T12:13:03.511+05:30  INFO 3048 --- [restartedMain] o.h.e.t.j.p.i.JtaPlatformInitiator       : HHH000489: No JTA platform available (set 'hibernate.transaction.jta.platform' to enable JTA platform integration)
2026-02-03T12:13:03.675+05:30  INFO 3048 --- [restartedMain] j.LocalContainerEntityManagerFactoryBean : Initialized JPA EntityManagerFactory for persistence unit 'default'
2026-02-03T12:13:05.084+05:30  INFO 3048 --- [restartedMain] o.s.d.j.r.query.QueryEnhancerFactory     : Hibernate is in classpath; If applicable, HQL parser will be used.
2026-02-03T12:13:07.246+05:30  INFO 3048 --- [restartedMain] o.s.a.m.s.a.McpServerAutoConfiguration   : Registered tools: 3, notification: true
2026-02-03T12:13:07.470+05:30  INFO 3048 --- [restartedMain] o.s.b.d.a.OptionalLiveReloadServer       : LiveReload server is running on port 35729
2026-02-03T12:13:07.551+05:30  INFO 3048 --- [restartedMain] o.s.b.w.embedded.tomcat.TomcatWebServer  : Tomcat started on port 8080 (http) with context path '/'
2026-02-03T12:13:07.602+05:30  INFO 3048 --- [restartedMain] c.malcolm.ecomproj.EcomProjApplication   : Started EcomProjApplication in 14.282 seconds (process running for 15.106)
2026-02-03T12:13:08.613+05:30  INFO 3048 --- [restartedMain] com.malcolm.ecomproj.DataSeeder          : Loaded images for 61 products
2026-02-03T12:13:10.577+05:30  INFO 3048 --- [http-nio-8080-exec-1] o.a.c.c.C.[Tomcat].[localhost].[/]       : Initializing Spring DispatcherServlet 'dispatcherServlet'
2026-02-03T12:13:10.580+05:30  INFO 3048 --- [http-nio-8080-exec-1] o.s.web.servlet.DispatcherServlet        : Initializing Servlet 'dispatcherServlet'
2026-02-03T12:13:10.593+05:30  INFO 3048 --- [http-nio-8080-exec-1] o.s.web.servlet.DispatcherServlet        : Completed initialization in 12 ms
2026-02-03T12:13:11.223+05:30  WARN 3048 --- [http-nio-8080-exec-4] PageModule$PlainPageSerializationWarning : Serializing PageImpl instances as-is is not supported, meaning that there is no guarantee about the stability of the resulting JSON structure!
	For a stable JSON structure, please use Spring Data's PagedModel (globally via @EnableSpringDataWebSupport(pageSerializationMode = VIA_DTO))
	or Spring HATEOAS and Spring Data's PagedResourcesAssembler as documented in https://docs.spring.io/spring-data/commons/reference/repositories/core-extensions.html#core.web.pageables.

2026-02-03T12:13:11.243+05:30  WARN 3048 --- [http-nio-8080-exec-4] .m.m.a.ExceptionHandlerExceptionResolver : Resolved [org.springframework.web.context.request.async.AsyncRequestNotUsableException: ServletOutputStream failed to write: java.io.IOException: An established connection was aborted by the software in your host machine]
2026-02-03T12:13:11.243+05:30  WARN 3048 --- [http-nio-8080-exec-3] .m.m.a.ExceptionHandlerExceptionResolver : Resolved [org.springframework.web.context.request.async.AsyncRequestNotUsableException: ServletOutputStream failed to write: java.io.IOException: An established connection was aborted by the software in your host machine]
2026-02-03T12:13:11.243+05:30  WARN 3048 --- [http-nio-8080-exec-1] .m.m.a.ExceptionHandlerExceptionResolver : Resolved [org.springframework.web.context.request.async.AsyncRequestNotUsableException: ServletOutputStream failed to write: java.io.IOException: An established connection was aborted by the software in your host machine]
2026-02-03T12:13:11.243+05:30  WARN 3048 --- [http-nio-8080-exec-5] .m.m.a.ExceptionHandlerExceptionResolver : Resolved [org.springframework.web.context.request.async.AsyncRequestNotUsableException: ServletOutputStream failed to write: java.io.IOException: An established connection was aborted by the software in your host machine]
2026-02-03T12:13:11.245+05:30  WARN 3048 --- [http-nio-8080-exec-2] .m.m.a.ExceptionHandlerExceptionResolver : Resolved [org.springframework.web.context.request.async.AsyncRequestNotUsableException: ServletOutputStream failed to write: java.io.IOException: An established connection was aborted by the software in your host machine]
2026-02-03T12:13:11.686+05:30  WARN 3048 --- [http-nio-8080-exec-10] .m.m.a.ExceptionHandlerExceptionResolver : Resolved [org.springframework.web.context.request.async.AsyncRequestNotUsableException: ServletOutputStream failed to write: java.io.IOException: An established connection was aborted by the software in your host machine]
2026-02-03T12:13:11.688+05:30  WARN 3048 --- [http-nio-8080-exec-2] .m.m.a.ExceptionHandlerExceptionResolver : Resolved [org.springframework.web.context.request.async.AsyncRequestNotUsableException: ServletOutputStream failed to write: java.io.IOException: An established connection was aborted by the software in your host machine]
2026-02-03T12:13:11.695+05:30  WARN 3048 --- [http-nio-8080-exec-8] .m.m.a.ExceptionHandlerExceptionResolver : Resolved [org.springframework.web.context.request.async.AsyncRequestNotUsableException: ServletOutputStream failed to write: java.io.IOException: An established connection was aborted by the software in your host machine]
2026-02-03T12:13:11.706+05:30  WARN 3048 --- [http-nio-8080-exec-5] .m.m.a.ExceptionHandlerExceptionResolver : Failure in @ExceptionHandler com.malcolm.ecomproj.exception.GlobalExceptionHandler#handleGeneralException(Exception)

org.springframework.http.converter.HttpMessageNotWritableException: No converter for [class java.util.HashMap] with preset Content-Type 'image/jpeg'
	at org.springframework.web.servlet.mvc.method.annotation.AbstractMessageConverterMethodProcessor.writeWithMessageConverters(AbstractMessageConverterMethodProcessor.java:319)
	at org.springframework.web.servlet.mvc.method.annotation.HttpEntityMethodProcessor.handleReturnValue(HttpEntityMethodProcessor.java:245)
	at org.springframework.web.method.support.HandlerMethodReturnValueHandlerComposite.handleReturnValue(HandlerMethodReturnValueHandlerComposite.java:78)
	at org.springframework.web.servlet.mvc.method.annotation.ServletInvocableHandlerMethod.invokeAndHandle(ServletInvocableHandlerMethod.java:136)
	at org.springframework.web.servlet.mvc.method.annotation.ExceptionHandlerExceptionResolver.doResolveHandlerMethodException(ExceptionHandlerExceptionResolver.java:432)
	at org.springframework.web.servlet.handler.AbstractHandlerMethodExceptionResolver.doResolveException(AbstractHandlerMethodExceptionResolver.java:74)
	at org.springframework.web.servlet.handler.AbstractHandlerExceptionResolver.resolveException(AbstractHandlerExceptionResolver.java:175)
	at org.springframework.web.servlet.handler.HandlerExceptionResolverComposite.resolveException(HandlerExceptionResolverComposite.java:80)
	at org.springframework.web.servlet.DispatcherServlet.processHandlerException(DispatcherServlet.java:1357)
	at org.springframework.web.servlet.DispatcherServlet.processDispatchResult(DispatcherServlet.java:1160)
	at org.springframework.web.servlet.DispatcherServlet.doDispatch(DispatcherServlet.java:1106)
	at org.springframework.web.servlet.DispatcherServlet.doService(DispatcherServlet.java:979)
	at org.springframework.web.servlet.FrameworkServlet.processRequest(FrameworkServlet.java:1014)
	at org.springframework.web.servlet.FrameworkServlet.doGet(FrameworkServlet.java:903)
	at jakarta.servlet.http.HttpServlet.service(HttpServlet.java:564)
	at org.springframework.web.servlet.FrameworkServlet.service(FrameworkServlet.java:885)
	at jakarta.servlet.http.HttpServlet.service(HttpServlet.java:658)
	at org.apache.catalina.core.ApplicationFilterChain.internalDoFilter(ApplicationFilterChain.java:195)
	at org.apache.catalina.core.ApplicationFilterChain.doFilter(ApplicationFilterChain.java:140)
	at org.apache.tomcat.websocket.server.WsFilter.doFilter(WsFilter.java:51)
	at org.apache.catalina.core.ApplicationFilterChain.internalDoFilter(ApplicationFilterChain.java:164)
	at org.apache.catalina.core.ApplicationFilterChain.doFilter(ApplicationFilterChain.java:140)
	at org.springframework.web.filter.RequestContextFilter.doFilterInternal(RequestContextFilter.java:100)
	at org.springframework.web.filter.OncePerRequestFilter.doFilter(OncePerRequestFilter.java:116)
	at org.apache.catalina.core.ApplicationFilterChain.internalDoFilter(ApplicationFilterChain.java:164)
	at org.apache.catalina.core.ApplicationFilterChain.doFilter(ApplicationFilterChain.java:140)
	at org.springframework.web.filter.FormContentFilter.doFilterInternal(FormContentFilter.java:93)
	at org.springframework.web.filter.OncePerRequestFilter.doFilter(OncePerRequestFilter.java:116)
	at org.apache.catalina.core.ApplicationFilterChain.internalDoFilter(ApplicationFilterChain.java:164)
	at org.apache.catalina.core.ApplicationFilterChain.doFilter(ApplicationFilterChain.java:140)
	at org.springframework.web.filter.CharacterEncodingFilter.doFilterInternal(CharacterEncodingFilter.java:201)
	at org.springframework.web.filter.OncePerRequestFilter.doFilter(OncePerRequestFilter.java:116)
	at org.apache.catalina.core.ApplicationFilterChain.internalDoFilter(ApplicationFilterChain.java:164)
	at org.apache.catalina.core.ApplicationFilterChain.doFilter(ApplicationFilterChain.java:140)
	at org.apache.catalina.core.StandardWrapperValve.invoke(StandardWrapperValve.java:167)
	at org.apache.catalina.core.StandardContextValve.invoke(StandardContextValve.java:90)
	at org.apache.catalina.authenticator.AuthenticatorBase.invoke(AuthenticatorBase.java:483)
	at org.apache.catalina.core.StandardHostValve.invoke(StandardHostValve.java:115)
	at org.apache.catalina.valves.ErrorReportValve.invoke(ErrorReportValve.java:93)
	at org.apache.catalina.core.StandardEngineValve.invoke(StandardEngineValve.java:74)
	at org.apache.catalina.connector.CoyoteAdapter.service(CoyoteAdapter.java:344)
	at org.apache.coyote.http11.Http11Processor.service(Http11Processor.java:389)
	at org.apache.coyote.AbstractProcessorLight.process(AbstractProcessorLight.java:63)
	at org.apache.coyote.AbstractProtocol$ConnectionHandler.process(AbstractProtocol.java:904)
	at org.apache.tomcat.util.net.NioEndpoint$SocketProcessor.doRun(NioEndpoint.java:1741)
	at org.apache.tomcat.util.net.SocketProcessorBase.run(SocketProcessorBase.java:52)
	at org.apache.tomcat.util.threads.ThreadPoolExecutor.runWorker(ThreadPoolExecutor.java:1190)
	at org.apache.tomcat.util.threads.ThreadPoolExecutor$Worker.run(ThreadPoolExecutor.java:659)
	at org.apache.tomcat.util.threads.TaskThread$WrappingRunnable.run(TaskThread.java:63)
	at java.base/java.lang.Thread.run(Thread.java:1583)

2026-02-03T12:13:11.715+05:30  WARN 3048 --- [http-nio-8080-exec-5] .w.s.m.s.DefaultHandlerExceptionResolver : Resolved [org.springframework.web.context.request.async.AsyncRequestNotUsableException: ServletOutputStream failed to write: java.io.IOException: An established connection was aborted by the software in your host machine]
2026-02-03T12:13:11.925+05:30  WARN 3048 --- [http-nio-8080-exec-3] .m.m.a.ExceptionHandlerExceptionResolver : Resolved [org.springframework.web.context.request.async.AsyncRequestNotUsableException: ServletOutputStream failed to write: java.io.IOException: An established connection was aborted by the software in your host machine]
2026-02-03T12:13:11.927+05:30  WARN 3048 --- [http-nio-8080-exec-4] .m.m.a.ExceptionHandlerExceptionResolver : Failure in @ExceptionHandler com.malcolm.ecomproj.exception.GlobalExceptionHandler#handleGeneralException(Exception)

org.springframework.http.converter.HttpMessageNotWritableException: No converter for [class java.util.HashMap] with preset Content-Type 'image/jpeg'
	at org.springframework.web.servlet.mvc.method.annotation.AbstractMessageConverterMethodProcessor.writeWithMessageConverters(AbstractMessageConverterMethodProcessor.java:319)
	at org.springframework.web.servlet.mvc.method.annotation.HttpEntityMethodProcessor.handleReturnValue(HttpEntityMethodProcessor.java:245)
	at org.springframework.web.method.support.HandlerMethodReturnValueHandlerComposite.handleReturnValue(HandlerMethodReturnValueHandlerComposite.java:78)
	at org.springframework.web.servlet.mvc.method.annotation.ServletInvocableHandlerMethod.invokeAndHandle(ServletInvocableHandlerMethod.java:136)
	at org.springframework.web.servlet.mvc.method.annotation.ExceptionHandlerExceptionResolver.doResolveHandlerMethodException(ExceptionHandlerExceptionResolver.java:432)
	at org.springframework.web.servlet.handler.AbstractHandlerMethodExceptionResolver.doResolveException(AbstractHandlerMethodExceptionResolver.java:74)
	at org.springframework.web.servlet.handler.AbstractHandlerExceptionResolver.resolveException(AbstractHandlerExceptionResolver.java:175)
	at org.springframework.web.servlet.handler.HandlerExceptionResolverComposite.resolveException(HandlerExceptionResolverComposite.java:80)
	at org.springframework.web.servlet.DispatcherServlet.processHandlerException(DispatcherServlet.java:1357)
	at org.springframework.web.servlet.DispatcherServlet.processDispatchResult(DispatcherServlet.java:1160)
	at org.springframework.web.servlet.DispatcherServlet.doDispatch(DispatcherServlet.java:1106)
	at org.springframework.web.servlet.DispatcherServlet.doService(DispatcherServlet.java:979)
	at org.springframework.web.servlet.FrameworkServlet.processRequest(FrameworkServlet.java:1014)
	at org.springframework.web.servlet.FrameworkServlet.doGet(FrameworkServlet.java:903)
	at jakarta.servlet.http.HttpServlet.service(HttpServlet.java:564)
	at org.springframework.web.servlet.FrameworkServlet.service(FrameworkServlet.java:885)
	at jakarta.servlet.http.HttpServlet.service(HttpServlet.java:658)
	at org.apache.catalina.core.ApplicationFilterChain.internalDoFilter(ApplicationFilterChain.java:195)
	at org.apache.catalina.core.ApplicationFilterChain.doFilter(ApplicationFilterChain.java:140)
	at org.apache.tomcat.websocket.server.WsFilter.doFilter(WsFilter.java:51)
	at org.apache.catalina.core.ApplicationFilterChain.internalDoFilter(ApplicationFilterChain.java:164)
	at org.apache.catalina.core.ApplicationFilterChain.doFilter(ApplicationFilterChain.java:140)
	at org.springframework.web.filter.RequestContextFilter.doFilterInternal(RequestContextFilter.java:100)
	at org.springframework.web.filter.OncePerRequestFilter.doFilter(OncePerRequestFilter.java:116)
	at org.apache.catalina.core.ApplicationFilterChain.internalDoFilter(ApplicationFilterChain.java:164)
	at org.apache.catalina.core.ApplicationFilterChain.doFilter(ApplicationFilterChain.java:140)
	at org.springframework.web.filter.FormContentFilter.doFilterInternal(FormContentFilter.java:93)
	at org.springframework.web.filter.OncePerRequestFilter.doFilter(OncePerRequestFilter.java:116)
	at org.apache.catalina.core.ApplicationFilterChain.internalDoFilter(ApplicationFilterChain.java:164)
	at org.apache.catalina.core.ApplicationFilterChain.doFilter(ApplicationFilterChain.java:140)
	at org.springframework.web.filter.CharacterEncodingFilter.doFilterInternal(CharacterEncodingFilter.java:201)
	at org.springframework.web.filter.OncePerRequestFilter.doFilter(OncePerRequestFilter.java:116)
	at org.apache.catalina.core.ApplicationFilterChain.internalDoFilter(ApplicationFilterChain.java:164)
	at org.apache.catalina.core.ApplicationFilterChain.doFilter(ApplicationFilterChain.java:140)
	at org.apache.catalina.core.StandardWrapperValve.invoke(StandardWrapperValve.java:167)
	at org.apache.catalina.core.StandardContextValve.invoke(StandardContextValve.java:90)
	at org.apache.catalina.authenticator.AuthenticatorBase.invoke(AuthenticatorBase.java:483)
	at org.apache.catalina.core.StandardHostValve.invoke(StandardHostValve.java:115)
	at org.apache.catalina.valves.ErrorReportValve.invoke(ErrorReportValve.java:93)
	at org.apache.catalina.core.StandardEngineValve.invoke(StandardEngineValve.java:74)
	at org.apache.catalina.connector.CoyoteAdapter.service(CoyoteAdapter.java:344)
	at org.apache.coyote.http11.Http11Processor.service(Http11Processor.java:389)
	at org.apache.coyote.AbstractProcessorLight.process(AbstractProcessorLight.java:63)
	at org.apache.coyote.AbstractProtocol$ConnectionHandler.process(AbstractProtocol.java:904)
	at org.apache.tomcat.util.net.NioEndpoint$SocketProcessor.doRun(NioEndpoint.java:1741)
	at org.apache.tomcat.util.net.SocketProcessorBase.run(SocketProcessorBase.java:52)
	at org.apache.tomcat.util.threads.ThreadPoolExecutor.runWorker(ThreadPoolExecutor.java:1190)
	at org.apache.tomcat.util.threads.ThreadPoolExecutor$Worker.run(ThreadPoolExecutor.java:659)
	at org.apache.tomcat.util.threads.TaskThread$WrappingRunnable.run(TaskThread.java:63)
	at java.base/java.lang.Thread.run(Thread.java:1583)

2026-02-03T12:13:11.933+05:30  WARN 3048 --- [http-nio-8080-exec-4] .w.s.m.s.DefaultHandlerExceptionResolver : Resolved [org.springframework.web.context.request.async.AsyncRequestNotUsableException: ServletOutputStream failed to write: java.io.IOException: An established connection was aborted by the software in your host machine]
2026-02-03T12:13:11.942+05:30  WARN 3048 --- [http-nio-8080-exec-5] .m.m.a.ExceptionHandlerExceptionResolver : Failure in @ExceptionHandler com.malcolm.ecomproj.exception.GlobalExceptionHandler#handleGeneralException(Exception)

org.springframework.http.converter.HttpMessageNotWritableException: No converter for [class java.util.HashMap] with preset Content-Type 'image/jpeg'
	at org.springframework.web.servlet.mvc.method.annotation.AbstractMessageConverterMethodProcessor.writeWithMessageConverters(AbstractMessageConverterMethodProcessor.java:319)
	at org.springframework.web.servlet.mvc.method.annotation.HttpEntityMethodProcessor.handleReturnValue(HttpEntityMethodProcessor.java:245)
	at org.springframework.web.method.support.HandlerMethodReturnValueHandlerComposite.handleReturnValue(HandlerMethodReturnValueHandlerComposite.java:78)
	at org.springframework.web.servlet.mvc.method.annotation.ServletInvocableHandlerMethod.invokeAndHandle(ServletInvocableHandlerMethod.java:136)
	at org.springframework.web.servlet.mvc.method.annotation.ExceptionHandlerExceptionResolver.doResolveHandlerMethodException(ExceptionHandlerExceptionResolver.java:432)
	at org.springframework.web.servlet.handler.AbstractHandlerMethodExceptionResolver.doResolveException(AbstractHandlerMethodExceptionResolver.java:74)
	at org.springframework.web.servlet.handler.AbstractHandlerExceptionResolver.resolveException(AbstractHandlerExceptionResolver.java:175)
	at org.springframework.web.servlet.handler.HandlerExceptionResolverComposite.resolveException(HandlerExceptionResolverComposite.java:80)
	at org.springframework.web.servlet.DispatcherServlet.processHandlerException(DispatcherServlet.java:1357)
	at org.springframework.web.servlet.DispatcherServlet.processDispatchResult(DispatcherServlet.java:1160)
	at org.springframework.web.servlet.DispatcherServlet.doDispatch(DispatcherServlet.java:1106)
	at org.springframework.web.servlet.DispatcherServlet.doService(DispatcherServlet.java:979)
	at org.springframework.web.servlet.FrameworkServlet.processRequest(FrameworkServlet.java:1014)
	at org.springframework.web.servlet.FrameworkServlet.doGet(FrameworkServlet.java:903)
	at jakarta.servlet.http.HttpServlet.service(HttpServlet.java:564)
	at org.springframework.web.servlet.FrameworkServlet.service(FrameworkServlet.java:885)
	at jakarta.servlet.http.HttpServlet.service(HttpServlet.java:658)
	at org.apache.catalina.core.ApplicationFilterChain.internalDoFilter(ApplicationFilterChain.java:195)
	at org.apache.catalina.core.ApplicationFilterChain.doFilter(ApplicationFilterChain.java:140)
	at org.apache.tomcat.websocket.server.WsFilter.doFilter(WsFilter.java:51)
	at org.apache.catalina.core.ApplicationFilterChain.internalDoFilter(ApplicationFilterChain.java:164)
	at org.apache.catalina.core.ApplicationFilterChain.doFilter(ApplicationFilterChain.java:140)
	at org.springframework.web.filter.RequestContextFilter.doFilterInternal(RequestContextFilter.java:100)
	at org.springframework.web.filter.OncePerRequestFilter.doFilter(OncePerRequestFilter.java:116)
	at org.apache.catalina.core.ApplicationFilterChain.internalDoFilter(ApplicationFilterChain.java:164)
	at org.apache.catalina.core.ApplicationFilterChain.doFilter(ApplicationFilterChain.java:140)
	at org.springframework.web.filter.FormContentFilter.doFilterInternal(FormContentFilter.java:93)
	at org.springframework.web.filter.OncePerRequestFilter.doFilter(OncePerRequestFilter.java:116)
	at org.apache.catalina.core.ApplicationFilterChain.internalDoFilter(ApplicationFilterChain.java:164)
	at org.apache.catalina.core.ApplicationFilterChain.doFilter(ApplicationFilterChain.java:140)
	at org.springframework.web.filter.CharacterEncodingFilter.doFilterInternal(CharacterEncodingFilter.java:201)
	at org.springframework.web.filter.OncePerRequestFilter.doFilter(OncePerRequestFilter.java:116)
	at org.apache.catalina.core.ApplicationFilterChain.internalDoFilter(ApplicationFilterChain.java:164)
	at org.apache.catalina.core.ApplicationFilterChain.doFilter(ApplicationFilterChain.java:140)
	at org.apache.catalina.core.StandardWrapperValve.invoke(StandardWrapperValve.java:167)
	at org.apache.catalina.core.StandardContextValve.invoke(StandardContextValve.java:90)
	at org.apache.catalina.authenticator.AuthenticatorBase.invoke(AuthenticatorBase.java:483)
	at org.apache.catalina.core.StandardHostValve.invoke(StandardHostValve.java:115)
	at org.apache.catalina.valves.ErrorReportValve.invoke(ErrorReportValve.java:93)
	at org.apache.catalina.core.StandardEngineValve.invoke(StandardEngineValve.java:74)
	at org.apache.catalina.connector.CoyoteAdapter.service(CoyoteAdapter.java:344)
	at org.apache.coyote.http11.Http11Processor.service(Http11Processor.java:389)
	at org.apache.coyote.AbstractProcessorLight.process(AbstractProcessorLight.java:63)
	at org.apache.coyote.AbstractProtocol$ConnectionHandler.process(AbstractProtocol.java:904)
	at org.apache.tomcat.util.net.NioEndpoint$SocketProcessor.doRun(NioEndpoint.java:1741)
	at org.apache.tomcat.util.net.SocketProcessorBase.run(SocketProcessorBase.java:52)
	at org.apache.tomcat.util.threads.ThreadPoolExecutor.runWorker(ThreadPoolExecutor.java:1190)
	at org.apache.tomcat.util.threads.ThreadPoolExecutor$Worker.run(ThreadPoolExecutor.java:659)
	at org.apache.tomcat.util.threads.TaskThread$WrappingRunnable.run(TaskThread.java:63)
	at java.base/java.lang.Thread.run(Thread.java:1583)

2026-02-03T12:13:11.948+05:30  WARN 3048 --- [http-nio-8080-exec-5] .w.s.m.s.DefaultHandlerExceptionResolver : Resolved [org.springframework.web.context.request.async.AsyncRequestNotUsableException: ServletOutputStream failed to write: java.io.IOException: An established connection was aborted by the software in your host machine]
2026-02-03T12:13:11.949+05:30  WARN 3048 --- [http-nio-8080-exec-1] .m.m.a.ExceptionHandlerExceptionResolver : Resolved [org.springframework.web.context.request.async.AsyncRequestNotUsableException: ServletOutputStream failed to write: java.io.IOException: An established connection was aborted by the software in your host machine]
2026-02-03T12:13:31.950+05:30  INFO 19056 --- [restartedMain] c.malcolm.ecomproj.EcomProjApplication   : Starting EcomProjApplication using Java 21.0.9 with PID 19056 (D:\Malcolm\DSCE\Internship\SENSEI\ecom-proj\target\classes started by Malcolm in D:\Malcolm\DSCE\Internship\SENSEI\ecom-proj)
2026-02-03T12:13:31.954+05:30  INFO 19056 --- [restartedMain] c.malcolm.ecomproj.EcomProjApplication   : No active profile set, falling back to 1 default profile: "default"
2026-02-03T12:13:32.040+05:30  INFO 19056 --- [restartedMain] .e.DevToolsPropertyDefaultsPostProcessor : Devtools property defaults active! Set 'spring.devtools.add-properties' to 'false' to disable
2026-02-03T12:13:32.040+05:30  INFO 19056 --- [restartedMain] .e.DevToolsPropertyDefaultsPostProcessor : For additional web related logging consider setting the 'logging.level.web' property to 'DEBUG'
2026-02-03T12:13:33.922+05:30  INFO 19056 --- [restartedMain] .s.d.r.c.RepositoryConfigurationDelegate : Bootstrapping Spring Data JPA repositories in DEFAULT mode.
2026-02-03T12:13:34.242+05:30  INFO 19056 --- [restartedMain] .s.d.r.c.RepositoryConfigurationDelegate : Finished Spring Data repository scanning in 295 ms. Found 1 JPA repository interface.
2026-02-03T12:13:36.073+05:30  INFO 19056 --- [restartedMain] o.s.b.w.embedded.tomcat.TomcatWebServer  : Tomcat initialized with port 8080 (http)
2026-02-03T12:13:36.108+05:30  INFO 19056 --- [restartedMain] o.apache.catalina.core.StandardService   : Starting service [Tomcat]
2026-02-03T12:13:36.109+05:30  INFO 19056 --- [restartedMain] o.apache.catalina.core.StandardEngine    : Starting Servlet engine: [Apache Tomcat/10.1.26]
2026-02-03T12:13:36.274+05:30  INFO 19056 --- [restartedMain] o.a.c.c.C.[Tomcat].[localhost].[/]       : Initializing Spring embedded WebApplicationContext
2026-02-03T12:13:36.276+05:30  INFO 19056 --- [restartedMain] w.s.c.ServletWebServerApplicationContext : Root WebApplicationContext: initialization completed in 4234 ms
2026-02-03T12:13:36.745+05:30  INFO 19056 --- [restartedMain] o.hibernate.jpa.internal.util.LogHelper  : HHH000204: Processing PersistenceUnitInfo [name: default]
2026-02-03T12:13:36.916+05:30  INFO 19056 --- [restartedMain] org.hibernate.Version                    : HHH000412: Hibernate ORM core version 6.5.2.Final
2026-02-03T12:13:36.996+05:30  INFO 19056 --- [restartedMain] o.h.c.internal.RegionFactoryInitiator    : HHH000026: Second-level cache disabled
2026-02-03T12:13:37.935+05:30  INFO 19056 --- [restartedMain] o.s.o.j.p.SpringPersistenceUnitInfo      : No LoadTimeWeaver setup: ignoring JPA class transformer
2026-02-03T12:13:38.034+05:30  INFO 19056 --- [restartedMain] com.zaxxer.hikari.HikariDataSource       : HikariPool-1 - Starting...
2026-02-03T12:13:38.518+05:30  INFO 19056 --- [restartedMain] com.zaxxer.hikari.pool.HikariPool        : HikariPool-1 - Added connection com.mysql.cj.jdbc.ConnectionImpl@46049571
2026-02-03T12:13:38.535+05:30  INFO 19056 --- [restartedMain] com.zaxxer.hikari.HikariDataSource       : HikariPool-1 - Start completed.
2026-02-03T12:13:38.697+05:30  WARN 19056 --- [restartedMain] org.hibernate.orm.deprecation            : HHH90000025: MySQL8Dialect does not need to be specified explicitly using 'hibernate.dialect' (remove the property setting and it will be selected by default)
2026-02-03T12:13:38.699+05:30  WARN 19056 --- [restartedMain] org.hibernate.orm.deprecation            : HHH90000026: MySQL8Dialect has been deprecated; use org.hibernate.dialect.MySQLDialect instead
2026-02-03T12:13:40.357+05:30  INFO 19056 --- [restartedMain] o.h.e.t.j.p.i.JtaPlatformInitiator       : HHH000489: No JTA platform available (set 'hibernate.transaction.jta.platform' to enable JTA platform integration)
2026-02-03T12:13:40.438+05:30  INFO 19056 --- [restartedMain] j.LocalContainerEntityManagerFactoryBean : Initialized JPA EntityManagerFactory for persistence unit 'default'
2026-02-03T12:13:41.087+05:30  INFO 19056 --- [restartedMain] o.s.d.j.r.query.QueryEnhancerFactory     : Hibernate is in classpath; If applicable, HQL parser will be used.
2026-02-03T12:13:45.065+05:30  INFO 19056 --- [restartedMain] o.s.a.m.s.a.McpServerAutoConfiguration   : Registered tools: 3, notification: true
2026-02-03T12:13:45.572+05:30  INFO 19056 --- [restartedMain] o.s.b.d.a.OptionalLiveReloadServer       : LiveReload server is running on port 35729
2026-02-03T12:13:45.714+05:30  INFO 19056 --- [restartedMain] o.s.b.w.embedded.tomcat.TomcatWebServer  : Tomcat started on port 8080 (http) with context path '/'
2026-02-03T12:13:45.747+05:30  INFO 19056 --- [restartedMain] c.malcolm.ecomproj.EcomProjApplication   : Started EcomProjApplication in 14.515 seconds (process running for 15.146)
2026-02-03T12:13:46.017+05:30  INFO 19056 --- [http-nio-8080-exec-3] o.a.c.c.C.[Tomcat].[localhost].[/]       : Initializing Spring DispatcherServlet 'dispatcherServlet'
2026-02-03T12:13:46.017+05:30  INFO 19056 --- [http-nio-8080-exec-3] o.s.web.servlet.DispatcherServlet        : Initializing Servlet 'dispatcherServlet'
2026-02-03T12:13:46.024+05:30  INFO 19056 --- [http-nio-8080-exec-3] o.s.web.servlet.DispatcherServlet        : Completed initialization in 7 ms
2026-02-03T12:13:47.393+05:30  WARN 19056 --- [http-nio-8080-exec-6] PageModule$PlainPageSerializationWarning : Serializing PageImpl instances as-is is not supported, meaning that there is no guarantee about the stability of the resulting JSON structure!
	For a stable JSON structure, please use Spring Data's PagedModel (globally via @EnableSpringDataWebSupport(pageSerializationMode = VIA_DTO))
	or Spring HATEOAS and Spring Data's PagedResourcesAssembler as documented in https://docs.spring.io/spring-data/commons/reference/repositories/core-extensions.html#core.web.pageables.

2026-02-03T12:13:47.437+05:30  WARN 19056 --- [http-nio-8080-exec-9] .m.m.a.ExceptionHandlerExceptionResolver : Resolved [org.springframework.web.context.request.async.AsyncRequestNotUsableException: ServletOutputStream failed to write: java.io.IOException: An established connection was aborted by the software in your host machine]
2026-02-03T12:13:47.438+05:30  WARN 19056 --- [http-nio-8080-exec-13] .m.m.a.ExceptionHandlerExceptionResolver : Resolved [org.springframework.web.context.request.async.AsyncRequestNotUsableException: ServletOutputStream failed to write: java.io.IOException: An established connection was aborted by the software in your host machine]
2026-02-03T12:13:47.438+05:30  WARN 19056 --- [http-nio-8080-exec-2] .m.m.a.ExceptionHandlerExceptionResolver : Resolved [org.springframework.web.context.request.async.AsyncRequestNotUsableException: ServletOutputStream failed to write: java.io.IOException: An established connection was aborted by the software in your host machine]
2026-02-03T12:13:47.438+05:30  WARN 19056 --- [http-nio-8080-exec-3] .m.m.a.ExceptionHandlerExceptionResolver : Resolved [org.springframework.web.context.request.async.AsyncRequestNotUsableException: ServletOutputStream failed to write: java.io.IOException: An established connection was aborted by the software in your host machine]
2026-02-03T12:13:47.461+05:30  WARN 19056 --- [http-nio-8080-exec-11] .m.m.a.ExceptionHandlerExceptionResolver : Resolved [org.springframework.web.context.request.async.AsyncRequestNotUsableException: ServletOutputStream failed to write: java.io.IOException: An established connection was aborted by the software in your host machine]
2026-02-03T12:13:47.439+05:30  WARN 19056 --- [http-nio-8080-exec-12] .m.m.a.ExceptionHandlerExceptionResolver : Resolved [org.springframework.web.context.request.async.AsyncRequestNotUsableException: ServletOutputStream failed to write: java.io.IOException: An established connection was aborted by the software in your host machine]
2026-02-03T12:13:47.439+05:30  WARN 19056 --- [http-nio-8080-exec-7] .m.m.a.ExceptionHandlerExceptionResolver : Resolved [org.springframework.web.context.request.async.AsyncRequestNotUsableException: ServletOutputStream failed to write: java.io.IOException: An established connection was aborted by the software in your host machine]
2026-02-03T12:13:47.441+05:30  WARN 19056 --- [http-nio-8080-exec-4] .m.m.a.ExceptionHandlerExceptionResolver : Resolved [org.springframework.web.context.request.async.AsyncRequestNotUsableException: ServletOutputStream failed to write: java.io.IOException: An established connection was aborted by the software in your host machine]
2026-02-03T12:13:47.446+05:30  WARN 19056 --- [http-nio-8080-exec-10] .m.m.a.ExceptionHandlerExceptionResolver : Resolved [org.springframework.web.context.request.async.AsyncRequestNotUsableException: ServletOutputStream failed to write: java.io.IOException: An established connection was aborted by the software in your host machine]
2026-02-03T12:13:47.446+05:30  WARN 19056 --- [http-nio-8080-exec-8] .m.m.a.ExceptionHandlerExceptionResolver : Resolved [org.springframework.web.context.request.async.AsyncRequestNotUsableException: ServletOutputStream failed to write: java.io.IOException: An established connection was aborted by the software in your host machine]
2026-02-03T12:13:47.466+05:30  WARN 19056 --- [http-nio-8080-exec-5] .m.m.a.ExceptionHandlerExceptionResolver : Resolved [org.springframework.web.context.request.async.AsyncRequestNotUsableException: ServletOutputStream failed to write: java.io.IOException: An established connection was aborted by the software in your host machine]
2026-02-03T12:13:47.468+05:30  WARN 19056 --- [http-nio-8080-exec-6] .m.m.a.ExceptionHandlerExceptionResolver : Resolved [org.springframework.web.context.request.async.AsyncRequestNotUsableException: ServletOutputStream failed to write: java.io.IOException: An established connection was aborted by the software in your host machine]
2026-02-03T12:13:47.470+05:30  WARN 19056 --- [http-nio-8080-exec-14] .m.m.a.ExceptionHandlerExceptionResolver : Resolved [org.springframework.web.context.request.async.AsyncRequestNotUsableException: ServletOutputStream failed to write: java.io.IOException: An established connection was aborted by the software in your host machine]
2026-02-03T12:13:47.470+05:30  WARN 19056 --- [http-nio-8080-exec-1] .m.m.a.ExceptionHandlerExceptionResolver : Resolved [org.springframework.web.context.request.async.AsyncRequestNotUsableException: ServletOutputStream failed to write: java.io.IOException: An established connection was aborted by the software in your host machine]
2026-02-03T12:13:47.544+05:30  WARN 19056 --- [http-nio-8080-exec-15] .m.m.a.ExceptionHandlerExceptionResolver : Resolved [org.springframework.web.context.request.async.AsyncRequestNotUsableException: ServletOutputStream failed to write: java.io.IOException: An established connection was aborted by the software in your host machine]
2026-02-03T12:13:47.610+05:30  WARN 19056 --- [http-nio-8080-exec-13] .m.m.a.ExceptionHandlerExceptionResolver : Resolved [org.springframework.web.context.request.async.AsyncRequestNotUsableException: ServletOutputStream failed to write: java.io.IOException: An established connection was aborted by the software in your host machine]
2026-02-03T12:13:47.658+05:30  WARN 19056 --- [http-nio-8080-exec-14] .m.m.a.ExceptionHandlerExceptionResolver : Resolved [org.springframework.web.context.request.async.AsyncRequestNotUsableException: ServletOutputStream failed to write: java.io.IOException: An established connection was aborted by the software in your host machine]
2026-02-03T12:13:48.514+05:30  INFO 19056 --- [restartedMain] com.malcolm.ecomproj.DataSeeder          : Loaded images for 61 products
2026-02-03T12:17:13.761+05:30  INFO 19056 --- [SpringApplicationShutdownHook] j.LocalContainerEntityManagerFactoryBean : Closing JPA EntityManagerFactory for persistence unit 'default'
2026-02-03T12:17:13.766+05:30  INFO 19056 --- [SpringApplicationShutdownHook] com.zaxxer.hikari.HikariDataSource       : HikariPool-1 - Shutdown initiated...
2026-02-03T12:17:13.776+05:30  INFO 19056 --- [SpringApplicationShutdownHook] com.zaxxer.hikari.HikariDataSource       : HikariPool-1 - Shutdown completed.
